Archive member included to satisfy reference by file (symbol)

/Applications/ArmGNUToolchain/12.3.rel1/arm-none-eabi/bin/../lib/gcc/arm-none-eabi/12.3.1/thumb/v6-m/nofp/libgcc.a(_dvmd_tls.o)
                              CMakeFiles/rtos_car.dir/Users/rq/pico/pico-sdk/src/rp2_common/pico_divider/divider.S.obj (__aeabi_idiv0)
/Applications/ArmGNUToolchain/12.3.rel1/arm-none-eabi/bin/../lib/gcc/arm-none-eabi/12.3.1/../../../../arm-none-eabi/lib/thumb/v6-m/nofp/libg.a(libc_a-atoi.o)
                              CMakeFiles/rtos_car.dir/Users/rq/pico/pico-sdk/lib/lwip/src/core/netif.c.obj (atoi)
/Applications/ArmGNUToolchain/12.3.rel1/arm-none-eabi/bin/../lib/gcc/arm-none-eabi/12.3.1/../../../../arm-none-eabi/lib/thumb/v6-m/nofp/libg.a(libc_a-calloc.o)
                              CMakeFiles/rtos_car.dir/Users/rq/pico/pico-sdk/src/rp2_common/pico_malloc/pico_malloc.c.obj (calloc)
/Applications/ArmGNUToolchain/12.3.rel1/arm-none-eabi/bin/../lib/gcc/arm-none-eabi/12.3.1/../../../../arm-none-eabi/lib/thumb/v6-m/nofp/libg.a(libc_a-callocr.o)
                              /Applications/ArmGNUToolchain/12.3.rel1/arm-none-eabi/bin/../lib/gcc/arm-none-eabi/12.3.1/../../../../arm-none-eabi/lib/thumb/v6-m/nofp/libg.a(libc_a-calloc.o) (_calloc_r)
/Applications/ArmGNUToolchain/12.3.rel1/arm-none-eabi/bin/../lib/gcc/arm-none-eabi/12.3.1/../../../../arm-none-eabi/lib/thumb/v6-m/nofp/libg.a(libc_a-malloc.o)
                              CMakeFiles/rtos_car.dir/Users/rq/pico/pico-sdk/src/rp2_common/pico_malloc/pico_malloc.c.obj (malloc)
/Applications/ArmGNUToolchain/12.3.rel1/arm-none-eabi/bin/../lib/gcc/arm-none-eabi/12.3.1/../../../../arm-none-eabi/lib/thumb/v6-m/nofp/libg.a(libc_a-mallocr.o)
                              /Applications/ArmGNUToolchain/12.3.rel1/arm-none-eabi/bin/../lib/gcc/arm-none-eabi/12.3.1/../../../../arm-none-eabi/lib/thumb/v6-m/nofp/libg.a(libc_a-callocr.o) (_malloc_r)
/Applications/ArmGNUToolchain/12.3.rel1/arm-none-eabi/bin/../lib/gcc/arm-none-eabi/12.3.1/../../../../arm-none-eabi/lib/thumb/v6-m/nofp/libg.a(libc_a-mlock.o)
                              /Applications/ArmGNUToolchain/12.3.rel1/arm-none-eabi/bin/../lib/gcc/arm-none-eabi/12.3.1/../../../../arm-none-eabi/lib/thumb/v6-m/nofp/libg.a(libc_a-mallocr.o) (__malloc_lock)
/Applications/ArmGNUToolchain/12.3.rel1/arm-none-eabi/bin/../lib/gcc/arm-none-eabi/12.3.1/../../../../arm-none-eabi/lib/thumb/v6-m/nofp/libg.a(libc_a-realloc.o)
                              CMakeFiles/rtos_car.dir/Users/rq/pico/pico-sdk/src/rp2_common/pico_malloc/pico_malloc.c.obj (realloc)
/Applications/ArmGNUToolchain/12.3.rel1/arm-none-eabi/bin/../lib/gcc/arm-none-eabi/12.3.1/../../../../arm-none-eabi/lib/thumb/v6-m/nofp/libg.a(libc_a-reallocr.o)
                              /Applications/ArmGNUToolchain/12.3.rel1/arm-none-eabi/bin/../lib/gcc/arm-none-eabi/12.3.1/../../../../arm-none-eabi/lib/thumb/v6-m/nofp/libg.a(libc_a-realloc.o) (_realloc_r)
/Applications/ArmGNUToolchain/12.3.rel1/arm-none-eabi/bin/../lib/gcc/arm-none-eabi/12.3.1/../../../../arm-none-eabi/lib/thumb/v6-m/nofp/libg.a(libc_a-strtol.o)
                              /Applications/ArmGNUToolchain/12.3.rel1/arm-none-eabi/bin/../lib/gcc/arm-none-eabi/12.3.1/../../../../arm-none-eabi/lib/thumb/v6-m/nofp/libg.a(libc_a-atoi.o) (_strtol_r)
/Applications/ArmGNUToolchain/12.3.rel1/arm-none-eabi/bin/../lib/gcc/arm-none-eabi/12.3.1/../../../../arm-none-eabi/lib/thumb/v6-m/nofp/libg.a(libc_a-memcmp.o)
                              CMakeFiles/rtos_car.dir/Users/rq/pico/pico-sdk/lib/lwip/src/netif/ethernet.c.obj (memcmp)
/Applications/ArmGNUToolchain/12.3.rel1/arm-none-eabi/bin/../lib/gcc/arm-none-eabi/12.3.1/../../../../arm-none-eabi/lib/thumb/v6-m/nofp/libg.a(libc_a-memmove.o)
                              CMakeFiles/rtos_car.dir/Users/rq/pico/pico-sdk/lib/lwip/src/core/def.c.obj (memmove)
/Applications/ArmGNUToolchain/12.3.rel1/arm-none-eabi/bin/../lib/gcc/arm-none-eabi/12.3.1/../../../../arm-none-eabi/lib/thumb/v6-m/nofp/libg.a(libc_a-strncmp.o)
                              CMakeFiles/rtos_car.dir/Users/rq/pico/pico-sdk/lib/lwip/src/core/def.c.obj (strncmp)
/Applications/ArmGNUToolchain/12.3.rel1/arm-none-eabi/bin/../lib/gcc/arm-none-eabi/12.3.1/../../../../arm-none-eabi/lib/thumb/v6-m/nofp/libg.a(libc_a-strncpy.o)
                              CMakeFiles/rtos_car.dir/Users/rq/pico/pico-sdk/lib/lwip/src/api/netdb.c.obj (strncpy)
/Applications/ArmGNUToolchain/12.3.rel1/arm-none-eabi/bin/../lib/gcc/arm-none-eabi/12.3.1/../../../../arm-none-eabi/lib/thumb/v6-m/nofp/libg.a(libc_a-reent.o)
                              CMakeFiles/rtos_car.dir/Users/rq/pico/pico-sdk/lib/lwip/src/api/if_api.c.obj (errno)
/Applications/ArmGNUToolchain/12.3.rel1/arm-none-eabi/bin/../lib/gcc/arm-none-eabi/12.3.1/../../../../arm-none-eabi/lib/thumb/v6-m/nofp/libg.a(libc_a-impure.o)
[...]
Memory Configuration

Name             Origin             Length             Attributes
FLASH            0x10000000         0x00200000         xr
RAM              0x20000000         0x00040000         xrw
SCRATCH_X        0x20040000         0x00001000         xrw
SCRATCH_Y        0x20041000         0x00001000         xrw
*default*        0x00000000         0xffffffff

Linker script and memory map

LOAD /Applications/ArmGNUToolchain/12.3.rel1/arm-none-eabi/bin/../lib/gcc/arm-none-eabi/12.3.1/thumb/v6-m/nofp/crti.o
LOAD /Applications/ArmGNUToolchain/12.3.rel1/arm-none-eabi/bin/../lib/gcc/arm-none-eabi/12.3.1/thumb/v6-m/nofp/crtbegin.o
LOAD /Applications/ArmGNUToolchain/12.3.rel1/arm-none-eabi/bin/../lib/gcc/arm-none-eabi/12.3.1/../../../../arm-none-eabi/lib/thumb/v6-m/nofp/crt0.o

.flash_begin    0x10000000        0x0
                0x10000000                        __flash_binary_start = .

.boot2          0x10000000      0x100
                0x10000000                        __boot2_start__ = .
 *(.boot2)
 .boot2         0x10000000      0x100 /var/folders/bs/_pgh73ws4970bpdb54qnbsh00000gn/T//ccTnvimP.o
                0x10000100                        __boot2_end__ = .
                0x00000001                        ASSERT (((__boot2_end__ - __boot2_start__) == 0x100), ERROR: Pico second stage bootloader must be 256 bytes in size)

.text           0x10000100     0x90f8
                0x10000100                        __logical_binary_start = .
 *(.vectors)
 .vectors       0x10000100       0xd4 CMakeFiles/rtos_car.dir/Users/rq/pico/pico-sdk/src/rp2_common/pico_standard_link/crt0.S.obj
                0x10000100                __VECTOR_TABLE
                0x10000100                __vectors
                0x100001c0                __default_isrs_start
                0x100001c0                isr_invalid
                0x100001c2                isr_nmi
                0x100001c4                isr_hardfault
                0x100001c6                isr_svcall
                0x100001c8                isr_pendsv
                0x100001ca                isr_systick
                0x100001cc                isr_irq28
                0x100001cc                isr_irq19
                0x100001cc                isr_irq0
                0x100001cc                isr_irq6
                0x100001cc                isr_irq22
                0x100001cc                isr_irq17
                0x100001cc                isr_irq14
                0x100001cc                isr_irq2
                0x100001cc                isr_irq10
                0x100001cc                isr_irq8
                0x100001cc                isr_irq24
                0x100001cc                isr_irq1
                0x100001cc                isr_irq7
                0x100001cc                isr_irq21
                0x100001cc                isr_irq20
                0x100001cc                isr_irq15
                0x100001cc                isr_irq25
                0x100001cc                isr_irq4
                0x100001cc                isr_irq16
                0x100001cc                isr_irq29
                0x100001cc                isr_irq26
                0x100001cc                __default_isrs_end
                0x100001cc                isr_irq3
                0x100001cc                isr_irq9
                0x100001cc                __unhandled_user_irq
                0x100001cc                isr_irq13
                0x100001cc                isr_irq27
                0x100001cc                isr_irq31
                0x100001cc                isr_irq5
                0x100001cc                isr_irq11
                0x100001cc                isr_irq23
                0x100001cc                isr_irq18
                0x100001cc                isr_irq30
                0x100001cc                isr_irq12
                0x100001d2                unhandled_user_irq_num_in_r0
 *(.binary_info_header)
 .binary_info_header
                0x100001d4       0x14 CMakeFiles/rtos_car.dir/Users/rq/pico/pico-sdk/src/rp2_common/pico_standard_link/crt0.S.obj
                0x100001e8                        __binary_info_header_end = .
 *(.reset)
 .reset         0x100001e8       0xa0 CMakeFiles/rtos_car.dir/Users/rq/pico/pico-sdk/src/rp2_common/pico_standard_link/crt0.S.obj
                0x100001e8                _entry_point
 .reset         0x10000288       0x30 CMakeFiles/rtos_car.dir/Users/rq/pico/pico-sdk/src/rp2_common/pico_standard_link/binary_info.c.obj
 *(.init)
 .init          0x100002b8        0x4 /Applications/ArmGNUToolchain/12.3.rel1/arm-none-eabi/bin/../lib/gcc/arm-none-eabi/12.3.1/thumb/v6-m/nofp/crti.o
                0x100002b8                _init
 *(EXCLUDE_FILE(*libm.a: *libc.a:*lib_a-mem*.o *libgcc.a:) .text*)
 .text.register_tm_clones
                0x100002bc       0x28 /Applications/ArmGNUToolchain/12.3.rel1/arm-none-eabi/bin/../lib/gcc/arm-none-eabi/12.3.1/thumb/v6-m/nofp/crtbegin.o
 .text.frame_dummy
                0x100002e4       0x24 /Applications/ArmGNUToolchain/12.3.rel1/arm-none-eabi/bin/../lib/gcc/arm-none-eabi/12.3.1/thumb/v6-m/nofp/crtbegin.o
 .text.adc_gpio_init
                0x10000308       0x1e CMakeFiles/rtos_car.dir/rtos_car.c.obj
 *fill*         0x10000326        0x2 
 .text.set_wheel_direction
                0x10000328       0x14 CMakeFiles/rtos_car.dir/rtos_car.c.obj
                0x10000328                set_wheel_direction
 .text.get_wheel_slot_count
                0x1000033c       0xa0 CMakeFiles/rtos_car.dir/rtos_car.c.obj
                0x1000033c                get_wheel_slot_count
 .text.monitor_left_wheel_speed_task
                0x100003dc       0x3c CMakeFiles/rtos_car.dir/rtos_car.c.obj
                0x100003dc                monitor_left_wheel_speed_task
 .text.monitor_right_wheel_speed_task
                0x10000418       0x54 CMakeFiles/rtos_car.dir/rtos_car.c.obj
                0x10000418                monitor_right_wheel_speed_task
 .text.set_wheel_speed
                0x1000046c       0x5c CMakeFiles/rtos_car.dir/rtos_car.c.obj
                0x1000046c                set_wheel_speed
 .text.wheel_setup
                0x100004c8       0xb8 CMakeFiles/rtos_car.dir/rtos_car.c.obj
                0x100004c8                wheel_setup
 .text.launch   0x10000580       0x4c CMakeFiles/rtos_car.dir/rtos_car.c.obj
                0x10000580                launch
 .text.main     0x100005cc       0x28 CMakeFiles/rtos_car.dir/rtos_car.c.obj
                0x100005cc                main
 .text.running_on_fpga
                0x100005f4       0x14 CMakeFiles/rtos_car.dir/Users/rq/pico/pico-sdk/src/rp2_common/pico_platform/platform.c.obj
                0x100005f4                running_on_fpga
 .text._retrieve_unique_id_on_boot
                0x10000608       0x10 CMakeFiles/rtos_car.dir/Users/rq/pico/pico-sdk/src/rp2_common/pico_unique_id/unique_id.c.obj
 .text.pico_get_unique_board_id_string
                0x10000618       0x5c CMakeFiles/rtos_car.dir/Users/rq/pico/pico-sdk/src/rp2_common/pico_unique_id/unique_id.c.obj
                0x10000618                pico_get_unique_board_id_string
 .text.flash_get_unique_id
                0x10000674       0x46 CMakeFiles/rtos_car.dir/Users/rq/pico/pico-sdk/src/rp2_common/hardware_flash/flash.c.obj
                0x10000674                flash_get_unique_id
 *fill*         0x100006ba        0x2 
 .text.hw_claim_lock
                0x100006bc       0x18 CMakeFiles/rtos_car.dir/Users/rq/pico/pico-sdk/src/rp2_common/hardware_claim/claim.c.obj
                0x100006bc                hw_claim_lock
 .text.hw_claim_unlock
                0x100006d4       0x14 CMakeFiles/rtos_car.dir/Users/rq/pico/pico-sdk/src/rp2_common/hardware_claim/claim.c.obj
                0x100006d4                hw_claim_unlock
 .text.hw_claim_or_assert
                0x100006e8       0x32 CMakeFiles/rtos_car.dir/Users/rq/pico/pico-sdk/src/rp2_common/hardware_claim/claim.c.obj
                0x100006e8                hw_claim_or_assert
 .text.hw_claim_unused_from_range
                0x1000071a       0x50 CMakeFiles/rtos_car.dir/Users/rq/pico/pico-sdk/src/rp2_common/hardware_claim/claim.c.obj
                0x1000071a                hw_claim_unused_from_range
 *fill*         0x1000076a        0x2 
 .text.spin_locks_reset
                0x1000076c       0x20 CMakeFiles/rtos_car.dir/Users/rq/pico/pico-sdk/src/rp2_common/hardware_sync/sync.c.obj
                0x1000076c                spin_locks_reset
 .text.next_striped_spin_lock_num
                0x1000078c       0x1c CMakeFiles/rtos_car.dir/Users/rq/pico/pico-sdk/src/rp2_common/hardware_sync/sync.c.obj
                0x1000078c                next_striped_spin_lock_num
 .text.spin_lock_claim_unused
                0x100007a8       0x24 CMakeFiles/rtos_car.dir/Users/rq/pico/pico-sdk/src/rp2_common/hardware_sync/sync.c.obj
                0x100007a8                spin_lock_claim_unused
 .text.rom_func_lookup
                0x100007cc       0x10 CMakeFiles/rtos_car.dir/Users/rq/pico/pico-sdk/src/rp2_common/pico_bootrom/bootrom.c.obj
                0x100007cc                rom_func_lookup
 .text.rom_data_lookup
                0x100007dc       0x10 CMakeFiles/rtos_car.dir/Users/rq/pico/pico-sdk/src/rp2_common/pico_bootrom/bootrom.c.obj
                0x100007dc                rom_data_lookup
 .text.rom_funcs_lookup
                0x100007ec       0x36 CMakeFiles/rtos_car.dir/Users/rq/pico/pico-sdk/src/rp2_common/pico_bootrom/bootrom.c.obj
                0x100007ec                rom_funcs_lookup
 *fill*         0x10000822        0x2 
 .text.clock_configure
                0x10000824      0x108 CMakeFiles/rtos_car.dir/Users/rq/pico/pico-sdk/src/rp2_common/hardware_clocks/clocks.c.obj
                0x10000824                clock_configure
 .text.clocks_init
                0x1000092c      0x100 CMakeFiles/rtos_car.dir/Users/rq/pico/pico-sdk/src/rp2_common/hardware_clocks/clocks.c.obj
                0x1000092c                clocks_init
 .text.clock_get_hz
                0x10000a2c        0xc CMakeFiles/rtos_car.dir/Users/rq/pico/pico-sdk/src/rp2_common/hardware_clocks/clocks.c.obj
                0x10000a2c                clock_get_hz
 .text.gpio_set_function
                0x10000a38       0x30 CMakeFiles/rtos_car.dir/Users/rq/pico/pico-sdk/src/rp2_common/hardware_gpio/gpio.c.obj
                0x10000a38                gpio_set_function
 .text.gpio_set_pulls
                0x10000a68       0x34 CMakeFiles/rtos_car.dir/Users/rq/pico/pico-sdk/src/rp2_common/hardware_gpio/gpio.c.obj
                0x10000a68                gpio_set_pulls
 .text.gpio_set_input_enabled
                0x10000a9c       0x30 CMakeFiles/rtos_car.dir/Users/rq/pico/pico-sdk/src/rp2_common/hardware_gpio/gpio.c.obj
                0x10000a9c                gpio_set_input_enabled
 .text.gpio_init
                0x10000acc       0x16 CMakeFiles/rtos_car.dir/Users/rq/pico/pico-sdk/src/rp2_common/hardware_gpio/gpio.c.obj
                0x10000acc                gpio_init
 *fill*         0x10000ae2        0x2 
 .text.set_raw_irq_handler_and_unlock
                0x10000ae4       0x28 CMakeFiles/rtos_car.dir/Users/rq/pico/pico-sdk/src/rp2_common/hardware_irq/irq.c.obj
 .text.resolve_branch
                0x10000b0c       0x30 CMakeFiles/rtos_car.dir/Users/rq/pico/pico-sdk/src/rp2_common/hardware_irq/irq.c.obj
 .text.make_branch
                0x10000b3c       0x48 CMakeFiles/rtos_car.dir/Users/rq/pico/pico-sdk/src/rp2_common/hardware_irq/irq.c.obj
 .text.insert_branch_and_link
                0x10000b84       0x40 CMakeFiles/rtos_car.dir/Users/rq/pico/pico-sdk/src/rp2_common/hardware_irq/irq.c.obj
 .text.irq_is_enabled
                0x10000bc4       0x18 CMakeFiles/rtos_car.dir/Users/rq/pico/pico-sdk/src/rp2_common/hardware_irq/irq.c.obj
                0x10000bc4                irq_is_enabled
 .text.irq_set_mask_enabled
                0x10000bdc       0x20 CMakeFiles/rtos_car.dir/Users/rq/pico/pico-sdk/src/rp2_common/hardware_irq/irq.c.obj
                0x10000bdc                irq_set_mask_enabled
 .text.irq_set_enabled
                0x10000bfc        0xe CMakeFiles/rtos_car.dir/Users/rq/pico/pico-sdk/src/rp2_common/hardware_irq/irq.c.obj
                0x10000bfc                irq_set_enabled
 *fill*         0x10000c0a        0x2 
 .text.irq_set_pending
                0x10000c0c       0x10 CMakeFiles/rtos_car.dir/Users/rq/pico/pico-sdk/src/rp2_common/hardware_irq/irq.c.obj
                0x10000c0c                irq_set_pending
 .text.irq_get_vtable_handler
                0x10000c1c       0x10 CMakeFiles/rtos_car.dir/Users/rq/pico/pico-sdk/src/rp2_common/hardware_irq/irq.c.obj
                0x10000c1c                irq_get_vtable_handler
 .text.irq_has_shared_handler
                0x10000c2c       0x24 CMakeFiles/rtos_car.dir/Users/rq/pico/pico-sdk/src/rp2_common/hardware_irq/irq.c.obj
                0x10000c2c                irq_has_shared_handler
 .text.irq_set_exclusive_handler
                0x10000c50       0x54 CMakeFiles/rtos_car.dir/Users/rq/pico/pico-sdk/src/rp2_common/hardware_irq/irq.c.obj
                0x10000c50                irq_set_exclusive_handler
 .text.irq_add_shared_handler
                0x10000ca4      0x210 CMakeFiles/rtos_car.dir/Users/rq/pico/pico-sdk/src/rp2_common/hardware_irq/irq.c.obj
                0x10000ca4                irq_add_shared_handler
 .text.irq_remove_handler
                0x10000eb4      0x188 CMakeFiles/rtos_car.dir/Users/rq/pico/pico-sdk/src/rp2_common/hardware_irq/irq.c.obj
                0x10000eb4                irq_remove_handler
 .text.irq_add_tail_to_free_list
                0x1000103c       0xf0 CMakeFiles/rtos_car.dir/Users/rq/pico/pico-sdk/src/rp2_common/hardware_irq/irq.c.obj
                0x1000103c                irq_add_tail_to_free_list
 .text.irq_init_priorities
                0x1000112c       0x1c CMakeFiles/rtos_car.dir/Users/rq/pico/pico-sdk/src/rp2_common/hardware_irq/irq.c.obj
                0x1000112c                irq_init_priorities
 .text.user_irq_claim_unused
                0x10001148       0x2c CMakeFiles/rtos_car.dir/Users/rq/pico/pico-sdk/src/rp2_common/hardware_irq/irq.c.obj
                0x10001148                user_irq_claim_unused
 .text.lock_init
                0x10001174       0x10 CMakeFiles/rtos_car.dir/Users/rq/pico/pico-sdk/src/common/pico_sync/lock_core.c.obj
                0x10001174                lock_init
 .text.update_us_since_boot
                0x10001184       0x24 CMakeFiles/rtos_car.dir/Users/rq/pico/pico-sdk/src/common/pico_sync/mutex.c.obj
 .text.delayed_by_ms
                0x100011a8       0x44 CMakeFiles/rtos_car.dir/Users/rq/pico/pico-sdk/src/common/pico_sync/mutex.c.obj
 .text.get_absolute_time
                0x100011ec       0x22 CMakeFiles/rtos_car.dir/Users/rq/pico/pico-sdk/src/common/pico_sync/mutex.c.obj
 .text.make_timeout_time_ms
                0x1000120e       0x20 CMakeFiles/rtos_car.dir/Users/rq/pico/pico-sdk/src/common/pico_sync/mutex.c.obj
 .text.mutex_init
                0x1000122e       0x1c CMakeFiles/rtos_car.dir/Users/rq/pico/pico-sdk/src/common/pico_sync/mutex.c.obj
                0x1000122e                mutex_init
 .text.recursive_mutex_init
                0x1000124a       0x20 CMakeFiles/rtos_car.dir/Users/rq/pico/pico-sdk/src/common/pico_sync/mutex.c.obj
                0x1000124a                recursive_mutex_init
 *fill*         0x1000126a        0x2 
 .text.critical_section_init_with_lock_num
                0x1000126c       0x14 CMakeFiles/rtos_car.dir/Users/rq/pico/pico-sdk/src/common/pico_sync/critical_section.c.obj
                0x1000126c                critical_section_init_with_lock_num
 .text.critical_section_init
                0x10001280       0x14 CMakeFiles/rtos_car.dir/Users/rq/pico/pico-sdk/src/common/pico_sync/critical_section.c.obj
                0x10001280                critical_section_init
 .text.time_reached
                0x10001294       0x28 CMakeFiles/rtos_car.dir/Users/rq/pico/pico-sdk/src/common/pico_time/time.c.obj
 .text.get_entry
                0x100012bc       0x38 CMakeFiles/rtos_car.dir/Users/rq/pico/pico-sdk/src/common/pico_time/time.c.obj
 .text.timer_pool_entry_comparator
                0x100012f4       0x2e CMakeFiles/rtos_car.dir/Users/rq/pico/pico-sdk/src/common/pico_time/time.c.obj
                0x100012f4                timer_pool_entry_comparator
 *fill*         0x10001322        0x2 
 .text.update_us_since_boot
                0x10001324       0x24 CMakeFiles/rtos_car.dir/Users/rq/pico/pico-sdk/src/common/pico_time/time.c.obj
 .text.delayed_by_us
                0x10001348       0x34 CMakeFiles/rtos_car.dir/Users/rq/pico/pico-sdk/src/common/pico_time/time.c.obj
 .text.ph_get_node
                0x1000137c       0x30 CMakeFiles/rtos_car.dir/Users/rq/pico/pico-sdk/src/common/pico_time/time.c.obj
 .text.ph_contains_node
                0x100013ac       0x1e CMakeFiles/rtos_car.dir/Users/rq/pico/pico-sdk/src/common/pico_time/time.c.obj
 .text.ph_new_node
                0x100013ca       0x28 CMakeFiles/rtos_car.dir/Users/rq/pico/pico-sdk/src/common/pico_time/time.c.obj
 *fill*         0x100013f2        0x2 
 .text.ph_add_child_node
                0x100013f4       0x6c CMakeFiles/rtos_car.dir/Users/rq/pico/pico-sdk/src/common/pico_time/time.c.obj
 .text.ph_merge_nodes
                0x10001460       0x3e CMakeFiles/rtos_car.dir/Users/rq/pico/pico-sdk/src/common/pico_time/time.c.obj
 *fill*         0x1000149e        0x2 
 .text.ph_insert_node
                0x100014a0       0x3c CMakeFiles/rtos_car.dir/Users/rq/pico/pico-sdk/src/common/pico_time/time.c.obj
 .text.ph_free_node
                0x100014dc       0x5c CMakeFiles/rtos_car.dir/Users/rq/pico/pico-sdk/src/common/pico_time/time.c.obj
 .text.get_entry_id_high
                0x10001538       0x30 CMakeFiles/rtos_car.dir/Users/rq/pico/pico-sdk/src/common/pico_time/time.c.obj
 .text.alarm_pool_post_alloc_init
                0x10001568       0x40 CMakeFiles/rtos_car.dir/Users/rq/pico/pico-sdk/src/common/pico_time/time.c.obj
 .text.get_absolute_time
                0x100015a8       0x22 CMakeFiles/rtos_car.dir/Users/rq/pico/pico-sdk/src/common/pico_time/time.c.obj
 .text.make_timeout_time_us
                0x100015ca       0x24 CMakeFiles/rtos_car.dir/Users/rq/pico/pico-sdk/src/common/pico_time/time.c.obj
 *fill*         0x100015ee        0x2 
 .text.add_alarm_under_lock
                0x100015f0       0x94 CMakeFiles/rtos_car.dir/Users/rq/pico/pico-sdk/src/common/pico_time/time.c.obj
 .text.alarm_pool_alarm_callback
                0x10001684      0x210 CMakeFiles/rtos_car.dir/Users/rq/pico/pico-sdk/src/common/pico_time/time.c.obj
 .text.sleep_until_callback
                0x10001894       0x28 CMakeFiles/rtos_car.dir/Users/rq/pico/pico-sdk/src/common/pico_time/time.c.obj
 .text.alarm_pool_init_default
                0x100018bc       0x40 CMakeFiles/rtos_car.dir/Users/rq/pico/pico-sdk/src/common/pico_time/time.c.obj
                0x100018bc                alarm_pool_init_default
 .text.alarm_pool_get_default
                0x100018fc       0x2c CMakeFiles/rtos_car.dir/Users/rq/pico/pico-sdk/src/common/pico_time/time.c.obj
                0x100018fc                alarm_pool_get_default
 .text.alarm_pool_add_alarm_at
                0x10001928      0x10e CMakeFiles/rtos_car.dir/Users/rq/pico/pico-sdk/src/common/pico_time/time.c.obj
                0x10001928                alarm_pool_add_alarm_at
 .text.add_alarm_at
                0x10001a36       0x2e CMakeFiles/rtos_car.dir/Users/rq/pico/pico-sdk/src/common/pico_time/time.c.obj
 .text.alarm_pool_cancel_alarm
                0x10001a64       0xa8 CMakeFiles/rtos_car.dir/Users/rq/pico/pico-sdk/src/common/pico_time/time.c.obj
                0x10001a64                alarm_pool_cancel_alarm
 .text.cancel_alarm
                0x10001b0c       0x10 CMakeFiles/rtos_car.dir/Users/rq/pico/pico-sdk/src/common/pico_time/time.c.obj
 .text.alarm_pool_core_num
                0x10001b1c        0x4 CMakeFiles/rtos_car.dir/Users/rq/pico/pico-sdk/src/common/pico_time/time.c.obj
                0x10001b1c                alarm_pool_core_num
 .text.sleep_until
                0x10001b20       0xa4 CMakeFiles/rtos_car.dir/Users/rq/pico/pico-sdk/src/common/pico_time/time.c.obj
                0x10001b20                sleep_until
 .text.sleep_us
                0x10001bc4       0x1a CMakeFiles/rtos_car.dir/Users/rq/pico/pico-sdk/src/common/pico_time/time.c.obj
                0x10001bc4                sleep_us
 .text.sleep_ms
                0x10001bde       0x14 CMakeFiles/rtos_car.dir/Users/rq/pico/pico-sdk/src/common/pico_time/time.c.obj
                0x10001bde                sleep_ms
 *fill*         0x10001bf2        0x2 
 .text.best_effort_wfe_or_timeout
                0x10001bf4       0x44 CMakeFiles/rtos_car.dir/Users/rq/pico/pico-sdk/src/common/pico_time/time.c.obj
                0x10001bf4                best_effort_wfe_or_timeout
 .text.hardware_alarm_irq_handler
                0x10001c38       0x8c CMakeFiles/rtos_car.dir/Users/rq/pico/pico-sdk/src/rp2_common/hardware_timer/timer.c.obj
 .text.hardware_alarm_claim
                0x10001cc4       0x18 CMakeFiles/rtos_car.dir/Users/rq/pico/pico-sdk/src/rp2_common/hardware_timer/timer.c.obj
                0x10001cc4                hardware_alarm_claim
 .text.time_us_64
                0x10001cdc       0x18 CMakeFiles/rtos_car.dir/Users/rq/pico/pico-sdk/src/rp2_common/hardware_timer/timer.c.obj
                0x10001cdc                time_us_64
 .text.busy_wait_until
                0x10001cf4       0x28 CMakeFiles/rtos_car.dir/Users/rq/pico/pico-sdk/src/rp2_common/hardware_timer/timer.c.obj
                0x10001cf4                busy_wait_until
 .text.hardware_alarm_set_callback
                0x10001d1c       0x90 CMakeFiles/rtos_car.dir/Users/rq/pico/pico-sdk/src/rp2_common/hardware_timer/timer.c.obj
                0x10001d1c                hardware_alarm_set_callback
 .text.hardware_alarm_set_target
                0x10001dac       0xe8 CMakeFiles/rtos_car.dir/Users/rq/pico/pico-sdk/src/rp2_common/hardware_timer/timer.c.obj
                0x10001dac                hardware_alarm_set_target
 .text.hardware_alarm_cancel
                0x10001e94       0x40 CMakeFiles/rtos_car.dir/Users/rq/pico/pico-sdk/src/rp2_common/hardware_timer/timer.c.obj
                0x10001e94                hardware_alarm_cancel
 .text.ph_get_node
                0x10001ed4       0x30 CMakeFiles/rtos_car.dir/Users/rq/pico/pico-sdk/src/common/pico_util/pheap.c.obj
 .text.ph_add_child_node
                0x10001f04       0x6c CMakeFiles/rtos_car.dir/Users/rq/pico/pico-sdk/src/common/pico_util/pheap.c.obj
 .text.ph_merge_nodes
                0x10001f70       0x3e CMakeFiles/rtos_car.dir/Users/rq/pico/pico-sdk/src/common/pico_util/pheap.c.obj
 .text.ph_clear
                0x10001fae       0x34 CMakeFiles/rtos_car.dir/Users/rq/pico/pico-sdk/src/common/pico_util/pheap.c.obj
                0x10001fae                ph_clear
 .text.ph_post_alloc_init
                0x10001fe2        0xe CMakeFiles/rtos_car.dir/Users/rq/pico/pico-sdk/src/common/pico_util/pheap.c.obj
                0x10001fe2                ph_post_alloc_init
 .text.ph_merge_two_pass
                0x10001ff0       0x5c CMakeFiles/rtos_car.dir/Users/rq/pico/pico-sdk/src/common/pico_util/pheap.c.obj
                0x10001ff0                ph_merge_two_pass
 .text.ph_remove_any_head
                0x1000204c       0xc0 CMakeFiles/rtos_car.dir/Users/rq/pico/pico-sdk/src/common/pico_util/pheap.c.obj
 .text.ph_remove_head
                0x1000210c       0x14 CMakeFiles/rtos_car.dir/Users/rq/pico/pico-sdk/src/common/pico_util/pheap.c.obj
                0x1000210c                ph_remove_head
 .text.ph_remove_and_free_node
                0x10002120       0xa0 CMakeFiles/rtos_car.dir/Users/rq/pico/pico-sdk/src/common/pico_util/pheap.c.obj
                0x10002120                ph_remove_and_free_node
 .text.pll_init
                0x100021c0      0x120 CMakeFiles/rtos_car.dir/Users/rq/pico/pico-sdk/src/rp2_common/hardware_pll/pll.c.obj
                0x100021c0                pll_init
 .text.watchdog_start_tick
                0x100022e0       0x10 CMakeFiles/rtos_car.dir/Users/rq/pico/pico-sdk/src/rp2_common/hardware_watchdog/watchdog.c.obj
                0x100022e0                watchdog_start_tick
 .text.watchdog_update
                0x100022f0       0x14 CMakeFiles/rtos_car.dir/Users/rq/pico/pico-sdk/src/rp2_common/hardware_watchdog/watchdog.c.obj
                0x100022f0                watchdog_update
 .text._watchdog_enable
                0x10002304       0x78 CMakeFiles/rtos_car.dir/Users/rq/pico/pico-sdk/src/rp2_common/hardware_watchdog/watchdog.c.obj
                0x10002304                _watchdog_enable
 .text.watchdog_reboot
                0x1000237c       0x48 CMakeFiles/rtos_car.dir/Users/rq/pico/pico-sdk/src/rp2_common/hardware_watchdog/watchdog.c.obj
                0x1000237c                watchdog_reboot
 .text.xosc_init
                0x100023c4       0x28 CMakeFiles/rtos_car.dir/Users/rq/pico/pico-sdk/src/rp2_common/hardware_xosc/xosc.c.obj
                0x100023c4                xosc_init
 .text.exception_is_compile_time_default
                0x100023ec       0x20 CMakeFiles/rtos_car.dir/Users/rq/pico/pico-sdk/src/rp2_common/hardware_exception/exception.c.obj
 .text.set_raw_exception_handler_and_restore_interrupts
                0x1000240c       0x18 CMakeFiles/rtos_car.dir/Users/rq/pico/pico-sdk/src/rp2_common/hardware_exception/exception.c.obj
 .text.exception_get_vtable_handler
                0x10002424       0x10 CMakeFiles/rtos_car.dir/Users/rq/pico/pico-sdk/src/rp2_common/hardware_exception/exception.c.obj
                0x10002424                exception_get_vtable_handler
 .text.exception_set_exclusive_handler
                0x10002434       0x44 CMakeFiles/rtos_car.dir/Users/rq/pico/pico-sdk/src/rp2_common/hardware_exception/exception.c.obj
                0x10002434                exception_set_exclusive_handler
 .text._exit    0x10002478        0x4 CMakeFiles/rtos_car.dir/Users/rq/pico/pico-sdk/src/rp2_common/pico_runtime/runtime.c.obj
                0x10002478                _exit
 .text.exit     0x1000247c        0x6 CMakeFiles/rtos_car.dir/Users/rq/pico/pico-sdk/src/rp2_common/pico_runtime/runtime.c.obj
                0x1000247c                exit
 *fill*         0x10002482        0x2 
 .text.__assert_func
                0x10002484       0x38 CMakeFiles/rtos_car.dir/Users/rq/pico/pico-sdk/src/rp2_common/pico_runtime/runtime.c.obj
                0x10002484                __assert_func
 .text.runtime_init
                0x100024bc       0xf8 CMakeFiles/rtos_car.dir/Users/rq/pico/pico-sdk/src/rp2_common/pico_runtime/runtime.c.obj
                0x100024bc                runtime_init
 .text.panic    0x100025b4       0x30 CMakeFiles/rtos_car.dir/Users/rq/pico/pico-sdk/src/rp2_common/pico_runtime/runtime.c.obj
                0x100025b4                panic
 .text.panic_unsupported
                0x100025e4        0xc CMakeFiles/rtos_car.dir/Users/rq/pico/pico-sdk/src/rp2_common/pico_runtime/runtime.c.obj
                0x100025e4                panic_unsupported
 .text._out_null
                0x100025f0        0x2 CMakeFiles/rtos_car.dir/Users/rq/pico/pico-sdk/src/rp2_common/pico_printf/printf.c.obj
 .text._out_fct
                0x100025f2        0xe CMakeFiles/rtos_car.dir/Users/rq/pico/pico-sdk/src/rp2_common/pico_printf/printf.c.obj
 .text._atoi    0x10002600       0x24 CMakeFiles/rtos_car.dir/Users/rq/pico/pico-sdk/src/rp2_common/pico_printf/printf.c.obj
 .text._out_rev
                0x10002624       0xae CMakeFiles/rtos_car.dir/Users/rq/pico/pico-sdk/src/rp2_common/pico_printf/printf.c.obj
 .text._ntoa_format
                0x100026d2      0x110 CMakeFiles/rtos_car.dir/Users/rq/pico/pico-sdk/src/rp2_common/pico_printf/printf.c.obj
 .text._ntoa_long
                0x100027e2       0xbc CMakeFiles/rtos_car.dir/Users/rq/pico/pico-sdk/src/rp2_common/pico_printf/printf.c.obj
 .text._ntoa_long_long
                0x1000289e      0x10e CMakeFiles/rtos_car.dir/Users/rq/pico/pico-sdk/src/rp2_common/pico_printf/printf.c.obj
 .text._etoa    0x100029ac      0x420 CMakeFiles/rtos_car.dir/Users/rq/pico/pico-sdk/src/rp2_common/pico_printf/printf.c.obj
 .text._ftoa    0x10002dcc      0x354 CMakeFiles/rtos_car.dir/Users/rq/pico/pico-sdk/src/rp2_common/pico_printf/printf.c.obj
 .text._vsnprintf
                0x10003120      0x65c CMakeFiles/rtos_car.dir/Users/rq/pico/pico-sdk/src/rp2_common/pico_printf/printf.c.obj
 .text.vfctprintf
                0x1000377c       0x20 CMakeFiles/rtos_car.dir/Users/rq/pico/pico-sdk/src/rp2_common/pico_printf/printf.c.obj
                0x1000377c                vfctprintf
 .text          0x1000379c       0x10 CMakeFiles/rtos_car.dir/Users/rq/pico/pico-sdk/src/rp2_common/pico_bit_ops/bit_ops_aeabi.S.obj
 .text.__wrap___aeabi_idiv
                0x100037ac       0x50 CMakeFiles/rtos_car.dir/Users/rq/pico/pico-sdk/src/rp2_common/pico_divider/divider.S.obj
                0x100037ac                __wrap___aeabi_idivmod
                0x100037ac                divmod_s32s32
                0x100037ac                div_s32s32
                0x100037ac                __wrap___aeabi_idiv
                0x100037b4                divmod_s32s32_unsafe
                0x100037e0                divmod_s32s32_savestate
 .text.__wrap___aeabi_uidiv
                0x100037fc       0x4c CMakeFiles/rtos_car.dir/Users/rq/pico/pico-sdk/src/rp2_common/pico_divider/divider.S.obj
                0x100037fc                __wrap___aeabi_uidiv
                0x100037fc                __wrap___aeabi_uidivmod
                0x100037fc                div_u32u32
                0x100037fc                divmod_u32u32
                0x10003804                divmod_u32u32_unsafe
                0x1000382c                divmod_u32u32_savestate
 .text.__wrap___aeabi_ldiv
                0x10003848      0x424 CMakeFiles/rtos_car.dir/Users/rq/pico/pico-sdk/src/rp2_common/pico_divider/divider.S.obj
                0x10003848                __wrap___aeabi_ldivmod
                0x10003848                div_s64s64
                0x10003848                divmod_s64s64
                0x10003878                divmod_u64u64
                0x10003878                div_u64u64
                0x10003878                __wrap___aeabi_uldivmod
                0x10003888                divmod_u64u64_savestate
                0x100038a8                divmod_s64s64_unsafe
                0x10003930                divmod_u64u64_unsafe
 .text.__wrap___aeabi_darithmetic
                0x10003c6c       0x60 CMakeFiles/rtos_car.dir/Users/rq/pico/pico-sdk/src/rp2_common/pico_double/double_aeabi.S.obj
                0x10003c6c                __wrap___aeabi_drsub
                0x10003c72                __wrap___aeabi_dsub
                0x10003c7c                __wrap___aeabi_dadd
                0x10003c86                __wrap___aeabi_ddiv
                0x10003cba                __wrap___aeabi_dmul
 .text.__wrap___aeabi_cdcmple
                0x10003ccc       0x6c CMakeFiles/rtos_car.dir/Users/rq/pico/pico-sdk/src/rp2_common/pico_double/double_aeabi.S.obj
                0x10003ccc                __wrap___aeabi_cdrcmple
                0x10003cdc                __wrap___aeabi_cdcmple
                0x10003cdc                __wrap___aeabi_cdcmpeq
 .text.__wrap___aeabi_dcmplt
                0x10003d38        0xc CMakeFiles/rtos_car.dir/Users/rq/pico/pico-sdk/src/rp2_common/pico_double/double_aeabi.S.obj
                0x10003d38                __wrap___aeabi_dcmplt
 .text.__wrap___aeabi_dcmple
                0x10003d44       0x10 CMakeFiles/rtos_car.dir/Users/rq/pico/pico-sdk/src/rp2_common/pico_double/double_aeabi.S.obj
                0x10003d44                __wrap___aeabi_dcmple
 .text.__wrap___aeabi_dcmpge
                0x10003d54       0x10 CMakeFiles/rtos_car.dir/Users/rq/pico/pico-sdk/src/rp2_common/pico_double/double_aeabi.S.obj
                0x10003d54                __wrap___aeabi_dcmpge
 .text.__wrap___aeabi_dcmpgt
                0x10003d64        0xa CMakeFiles/rtos_car.dir/Users/rq/pico/pico-sdk/src/rp2_common/pico_double/double_aeabi.S.obj
                0x10003d64                __wrap___aeabi_dcmpgt
 .text.__wrap___aeabi_dcmpun
                0x10003d6e       0x1c CMakeFiles/rtos_car.dir/Users/rq/pico/pico-sdk/src/rp2_common/pico_double/double_aeabi.S.obj
                0x10003d6e                __wrap___aeabi_dcmpun
 *fill*         0x10003d8a        0x2 
 .text.__wrap___aeabi_i2d
                0x10003d8c       0x38 CMakeFiles/rtos_car.dir/Users/rq/pico/pico-sdk/src/rp2_common/pico_double/double_aeabi.S.obj
                0x10003d8c                __wrap___aeabi_ui2d
                0x10003d94                __wrap___aeabi_i2d
 .text.__wrap___aeabi_d2iz
                0x10003dc4       0x48 CMakeFiles/rtos_car.dir/Users/rq/pico/pico-sdk/src/rp2_common/pico_double/double_aeabi.S.obj
                0x10003dc4                __wrap___aeabi_d2iz
                0x10003dc4                double2int_z
 .text.__wrap___aeabi_d2uiz
                0x10003e0c       0x10 CMakeFiles/rtos_car.dir/Users/rq/pico/pico-sdk/src/rp2_common/pico_double/double_aeabi.S.obj
                0x10003e0c                double2uint
                0x10003e0c                __wrap___aeabi_d2uiz
 .text.missing_double_func_shim
                0x10003e1c        0xc CMakeFiles/rtos_car.dir/Users/rq/pico/pico-sdk/src/rp2_common/pico_double/double_init_rom.c.obj
 .text.__aeabi_double_init
                0x10003e28       0xd0 CMakeFiles/rtos_car.dir/Users/rq/pico/pico-sdk/src/rp2_common/pico_double/double_init_rom.c.obj
                0x10003e28                __aeabi_double_init
 .text.double_table_shim_on_use_helper
                0x10003ef8       0x34 CMakeFiles/rtos_car.dir/Users/rq/pico/pico-sdk/src/rp2_common/pico_double/double_v1_rom_shim.S.obj
                0x10003ef8                double_table_shim_on_use_helper
 .text.__aeabi_lmul
                0x10003f2c       0x32 CMakeFiles/rtos_car.dir/Users/rq/pico/pico-sdk/src/rp2_common/pico_int64_ops/pico_int64_ops_aeabi.S.obj
                0x10003f2c                __wrap___aeabi_lmul
 *fill*         0x10003f5e        0x2 
 .text.__wrap___aeabi_farithmetic
                0x10003f60       0x48 CMakeFiles/rtos_car.dir/Users/rq/pico/pico-sdk/src/rp2_common/pico_float/float_aeabi.S.obj
                0x10003f60                __wrap___aeabi_frsub
                0x10003f66                __wrap___aeabi_fsub
                0x10003f6c                __wrap___aeabi_fadd
                0x10003f72                __wrap___aeabi_fdiv
                0x10003f9a                __wrap___aeabi_fmul
 .text.__wrap___aeabi_ui2f
                0x10003fa8        0xa CMakeFiles/rtos_car.dir/Users/rq/pico/pico-sdk/src/rp2_common/pico_float/float_aeabi.S.obj
                0x10003fa8                __wrap___aeabi_ui2f
 *fill*         0x10003fb2        0x2 
 .text.__wrap___aeabi_i2f
                0x10003fb4       0x44 CMakeFiles/rtos_car.dir/Users/rq/pico/pico-sdk/src/rp2_common/pico_float/float_aeabi.S.obj
                0x10003fb4                __wrap___aeabi_i2f
 .text.__wrap___aeabi_f2iz
                0x10003ff8       0x4e CMakeFiles/rtos_car.dir/Users/rq/pico/pico-sdk/src/rp2_common/pico_float/float_aeabi.S.obj
                0x10003ff8                __wrap___aeabi_f2iz
                0x10003ff8                float2int_z
 *fill*         0x10004046        0x2 
 .text.float2int
                0x10004048        0xc CMakeFiles/rtos_car.dir/Users/rq/pico/pico-sdk/src/rp2_common/pico_float/float_aeabi.S.obj
                0x10004048                float2int
 .text.__wrap___aeabi_f2uiz
                0x10004054        0xc CMakeFiles/rtos_car.dir/Users/rq/pico/pico-sdk/src/rp2_common/pico_float/float_aeabi.S.obj
                0x10004054                __wrap___aeabi_f2uiz
 .text.__wrap___aeabi_f2d
                0x10004060        0xc CMakeFiles/rtos_car.dir/Users/rq/pico/pico-sdk/src/rp2_common/pico_float/float_aeabi.S.obj
                0x10004060                __wrap___aeabi_f2d
 .text.missing_float_func_shim
                0x1000406c        0xc CMakeFiles/rtos_car.dir/Users/rq/pico/pico-sdk/src/rp2_common/pico_float/float_init_rom.c.obj
 .text.__aeabi_float_init
                0x10004078       0x88 CMakeFiles/rtos_car.dir/Users/rq/pico/pico-sdk/src/rp2_common/pico_float/float_init_rom.c.obj
                0x10004078                __aeabi_float_init
 .text          0x10004100       0x10 CMakeFiles/rtos_car.dir/Users/rq/pico/pico-sdk/src/rp2_common/pico_mem_ops/mem_ops_aeabi.S.obj
                0x10004100                __aeabi_mem_init
 .text.memset   0x10004110        0xc CMakeFiles/rtos_car.dir/Users/rq/pico/pico-sdk/src/rp2_common/pico_mem_ops/mem_ops_aeabi.S.obj
                0x10004110                __wrap_memset
 .text.memcpy   0x1000411c        0xc CMakeFiles/rtos_car.dir/Users/rq/pico/pico-sdk/src/rp2_common/pico_mem_ops/mem_ops_aeabi.S.obj
                0x1000411c                __wrap___aeabi_memcpy
                0x1000411c                __wrap_memcpy
 .text.stdio_out_chars_no_crlf
                0x10004128        0xe CMakeFiles/rtos_car.dir/Users/rq/pico/pico-sdk/src/rp2_common/pico_stdio/stdio.c.obj
 *fill*         0x10004136        0x2 
 .text.stdio_out_chars_crlf
                0x10004138       0x80 CMakeFiles/rtos_car.dir/Users/rq/pico/pico-sdk/src/rp2_common/pico_stdio/stdio.c.obj
 .text.stdio_stack_buffer_flush
                0x100041b8       0x44 CMakeFiles/rtos_car.dir/Users/rq/pico/pico-sdk/src/rp2_common/pico_stdio/stdio.c.obj
 .text.stdio_buffered_printer
                0x100041fc       0x20 CMakeFiles/rtos_car.dir/Users/rq/pico/pico-sdk/src/rp2_common/pico_stdio/stdio.c.obj
 .text.update_us_since_boot
                0x1000421c       0x24 CMakeFiles/rtos_car.dir/Users/rq/pico/pico-sdk/src/rp2_common/pico_stdio/stdio.c.obj
 .text.get_absolute_time
                0x10004240       0x22 CMakeFiles/rtos_car.dir/Users/rq/pico/pico-sdk/src/rp2_common/pico_stdio/stdio.c.obj
 *fill*         0x10004262        0x2 
 .text.delayed_by_ms
                0x10004264       0x44 CMakeFiles/rtos_car.dir/Users/rq/pico/pico-sdk/src/rp2_common/pico_stdio/stdio.c.obj
 .text.make_timeout_time_ms
                0x100042a8       0x20 CMakeFiles/rtos_car.dir/Users/rq/pico/pico-sdk/src/rp2_common/pico_stdio/stdio.c.obj
 .text.stdout_serialize_begin
                0x100042c8       0x20 CMakeFiles/rtos_car.dir/Users/rq/pico/pico-sdk/src/rp2_common/pico_stdio/stdio.c.obj
                0x100042c8                stdout_serialize_begin
 .text.stdout_serialize_end
                0x100042e8       0x10 CMakeFiles/rtos_car.dir/Users/rq/pico/pico-sdk/src/rp2_common/pico_stdio/stdio.c.obj
                0x100042e8                stdout_serialize_end
 .text.stdio_put_string
                0x100042f8       0x98 CMakeFiles/rtos_car.dir/Users/rq/pico/pico-sdk/src/rp2_common/pico_stdio/stdio.c.obj
 .text.stdio_set_driver_enabled
                0x10004390       0x2c CMakeFiles/rtos_car.dir/Users/rq/pico/pico-sdk/src/rp2_common/pico_stdio/stdio.c.obj
                0x10004390                stdio_set_driver_enabled
 .text.stdio_flush
                0x100043bc       0x20 CMakeFiles/rtos_car.dir/Users/rq/pico/pico-sdk/src/rp2_common/pico_stdio/stdio.c.obj
                0x100043bc                stdio_flush
 .text.__wrap_puts
                0x100043dc       0x1e CMakeFiles/rtos_car.dir/Users/rq/pico/pico-sdk/src/rp2_common/pico_stdio/stdio.c.obj
                0x100043dc                __wrap_puts
 *fill*         0x100043fa        0x2 
 .text.__wrap_vprintf
                0x100043fc       0x40 CMakeFiles/rtos_car.dir/Users/rq/pico/pico-sdk/src/rp2_common/pico_stdio/stdio.c.obj
                0x100043fc                __wrap_vprintf
 .text.__wrap_printf
                0x1000443c       0x18 CMakeFiles/rtos_car.dir/Users/rq/pico/pico-sdk/src/rp2_common/pico_stdio/stdio.c.obj
                0x1000443c                __wrap_printf
 .text.resetd_init
                0x10004454        0x2 CMakeFiles/rtos_car.dir/Users/rq/pico/pico-sdk/src/rp2_common/pico_stdio_usb/reset_interface.c.obj
 *fill*         0x10004456        0x2 
 .text.resetd_reset
                0x10004458        0xc CMakeFiles/rtos_car.dir/Users/rq/pico/pico-sdk/src/rp2_common/pico_stdio_usb/reset_interface.c.obj
 .text.resetd_open
                0x10004464       0x34 CMakeFiles/rtos_car.dir/Users/rq/pico/pico-sdk/src/rp2_common/pico_stdio_usb/reset_interface.c.obj
 .text.resetd_xfer_cb
                0x10004498        0x4 CMakeFiles/rtos_car.dir/Users/rq/pico/pico-sdk/src/rp2_common/pico_stdio_usb/reset_interface.c.obj
 .text.reset_usb_boot
                0x1000449c       0x18 CMakeFiles/rtos_car.dir/Users/rq/pico/pico-sdk/src/rp2_common/pico_stdio_usb/reset_interface.c.obj
 .text.resetd_control_xfer_cb
                0x100044b4       0x5c CMakeFiles/rtos_car.dir/Users/rq/pico/pico-sdk/src/rp2_common/pico_stdio_usb/reset_interface.c.obj
 .text.usbd_app_driver_get_cb
                0x10004510        0xc CMakeFiles/rtos_car.dir/Users/rq/pico/pico-sdk/src/rp2_common/pico_stdio_usb/reset_interface.c.obj
                0x10004510                usbd_app_driver_get_cb
 .text.tud_cdc_line_coding_cb
                0x1000451c       0x28 CMakeFiles/rtos_car.dir/Users/rq/pico/pico-sdk/src/rp2_common/pico_stdio_usb/reset_interface.c.obj
                0x1000451c                tud_cdc_line_coding_cb
 .text.stdio_usb_set_chars_available_callback
                0x10004544       0x14 CMakeFiles/rtos_car.dir/Users/rq/pico/pico-sdk/src/rp2_common/pico_stdio_usb/stdio_usb.c.obj
                0x10004544                stdio_usb_set_chars_available_callback
 .text.update_us_since_boot
                0x10004558       0x24 CMakeFiles/rtos_car.dir/Users/rq/pico/pico-sdk/src/rp2_common/pico_stdio_usb/stdio_usb.c.obj
 .text.get_absolute_time
                0x1000457c       0x22 CMakeFiles/rtos_car.dir/Users/rq/pico/pico-sdk/src/rp2_common/pico_stdio_usb/stdio_usb.c.obj
 *fill*         0x1000459e        0x2 
 .text.delayed_by_ms
                0x100045a0       0x44 CMakeFiles/rtos_car.dir/Users/rq/pico/pico-sdk/src/rp2_common/pico_stdio_usb/stdio_usb.c.obj
 .text.make_timeout_time_ms
                0x100045e4       0x20 CMakeFiles/rtos_car.dir/Users/rq/pico/pico-sdk/src/rp2_common/pico_stdio_usb/stdio_usb.c.obj
 .text.delayed_by_us
                0x10004604       0x34 CMakeFiles/rtos_car.dir/Users/rq/pico/pico-sdk/src/rp2_common/pico_stdio_usb/stdio_usb.c.obj
 .text.usb_irq  0x10004638       0x10 CMakeFiles/rtos_car.dir/Users/rq/pico/pico-sdk/src/rp2_common/pico_stdio_usb/stdio_usb.c.obj
 .text.critical_section_enter_blocking
                0x10004648       0x16 CMakeFiles/rtos_car.dir/Users/rq/pico/pico-sdk/src/rp2_common/pico_stdio_usb/stdio_usb.c.obj
 *fill*         0x1000465e        0x2 
 .text.timer_task
                0x10004660       0x4c CMakeFiles/rtos_car.dir/Users/rq/pico/pico-sdk/src/rp2_common/pico_stdio_usb/stdio_usb.c.obj
 .text.alarm_pool_add_alarm_in_us
                0x100046ac       0x3a CMakeFiles/rtos_car.dir/Users/rq/pico/pico-sdk/src/rp2_common/pico_stdio_usb/stdio_usb.c.obj
 .text.add_alarm_in_us
                0x100046e6       0x2e CMakeFiles/rtos_car.dir/Users/rq/pico/pico-sdk/src/rp2_common/pico_stdio_usb/stdio_usb.c.obj
 .text.low_priority_worker_irq
                0x10004714       0x7c CMakeFiles/rtos_car.dir/Users/rq/pico/pico-sdk/src/rp2_common/pico_stdio_usb/stdio_usb.c.obj
 .text.tud_cdc_rx_cb
                0x10004790       0x20 CMakeFiles/rtos_car.dir/Users/rq/pico/pico-sdk/src/rp2_common/pico_stdio_usb/stdio_usb.c.obj
                0x10004790                tud_cdc_rx_cb
 .text.stdio_usb_init
                0x100047b0       0xd0 CMakeFiles/rtos_car.dir/Users/rq/pico/pico-sdk/src/rp2_common/pico_stdio_usb/stdio_usb.c.obj
                0x100047b0                stdio_usb_init
 .text.stdio_usb_connected
                0x10004880        0xa CMakeFiles/rtos_car.dir/Users/rq/pico/pico-sdk/src/rp2_common/pico_stdio_usb/stdio_usb.c.obj
                0x10004880                stdio_usb_connected
 *fill*         0x1000488a        0x2 
 .text.stdio_usb_in_chars
                0x1000488c       0x88 CMakeFiles/rtos_car.dir/Users/rq/pico/pico-sdk/src/rp2_common/pico_stdio_usb/stdio_usb.c.obj
                0x1000488c                stdio_usb_in_chars
 .text.stdio_usb_out_chars
                0x10004914       0xd8 CMakeFiles/rtos_car.dir/Users/rq/pico/pico-sdk/src/rp2_common/pico_stdio_usb/stdio_usb.c.obj
 .text.tud_descriptor_device_cb
                0x100049ec        0x8 CMakeFiles/rtos_car.dir/Users/rq/pico/pico-sdk/src/rp2_common/pico_stdio_usb/stdio_usb_descriptors.c.obj
                0x100049ec                tud_descriptor_device_cb
 .text.tud_descriptor_configuration_cb
                0x100049f4        0x8 CMakeFiles/rtos_car.dir/Users/rq/pico/pico-sdk/src/rp2_common/pico_stdio_usb/stdio_usb_descriptors.c.obj
                0x100049f4                tud_descriptor_configuration_cb
 .text.tud_descriptor_string_cb
                0x100049fc       0x6c CMakeFiles/rtos_car.dir/Users/rq/pico/pico-sdk/src/rp2_common/pico_stdio_usb/stdio_usb_descriptors.c.obj
                0x100049fc                tud_descriptor_string_cb
 .text.hw_endpoint_get_by_addr
                0x10004a68       0x18 CMakeFiles/rtos_car.dir/Users/rq/pico/pico-sdk/lib/tinyusb/src/portable/raspberrypi/rp2040/dcd_rp2040.c.obj
 .text._hw_endpoint_alloc
                0x10004a80       0x70 CMakeFiles/rtos_car.dir/Users/rq/pico/pico-sdk/lib/tinyusb/src/portable/raspberrypi/rp2040/dcd_rp2040.c.obj
 .text.hw_endpoint_init
                0x10004af0       0x88 CMakeFiles/rtos_car.dir/Users/rq/pico/pico-sdk/lib/tinyusb/src/portable/raspberrypi/rp2040/dcd_rp2040.c.obj
 .text.dcd_event_sof
                0x10004b78       0x2c CMakeFiles/rtos_car.dir/Users/rq/pico/pico-sdk/lib/tinyusb/src/portable/raspberrypi/rp2040/dcd_rp2040.c.obj
 .text.hw_endpoint_xfer
                0x10004ba4       0x14 CMakeFiles/rtos_car.dir/Users/rq/pico/pico-sdk/lib/tinyusb/src/portable/raspberrypi/rp2040/dcd_rp2040.c.obj
 .text.dcd_int_enable
                0x10004bb8       0x2c CMakeFiles/rtos_car.dir/Users/rq/pico/pico-sdk/lib/tinyusb/src/portable/raspberrypi/rp2040/dcd_rp2040.c.obj
                0x10004bb8                dcd_int_enable
 .text.dcd_set_address
                0x10004be4       0x2c CMakeFiles/rtos_car.dir/Users/rq/pico/pico-sdk/lib/tinyusb/src/portable/raspberrypi/rp2040/dcd_rp2040.c.obj
                0x10004be4                dcd_set_address
 .text.dcd_connect
                0x10004c10       0x10 CMakeFiles/rtos_car.dir/Users/rq/pico/pico-sdk/lib/tinyusb/src/portable/raspberrypi/rp2040/dcd_rp2040.c.obj
                0x10004c10                dcd_connect
 .text.dcd_init
                0x10004c20       0x80 CMakeFiles/rtos_car.dir/Users/rq/pico/pico-sdk/lib/tinyusb/src/portable/raspberrypi/rp2040/dcd_rp2040.c.obj
                0x10004c20                dcd_init
 .text.dcd_edpt0_status_complete
                0x10004ca0       0x1c CMakeFiles/rtos_car.dir/Users/rq/pico/pico-sdk/lib/tinyusb/src/portable/raspberrypi/rp2040/dcd_rp2040.c.obj
                0x10004ca0                dcd_edpt0_status_complete
 .text.dcd_edpt_open
                0x10004cbc       0x40 CMakeFiles/rtos_car.dir/Users/rq/pico/pico-sdk/lib/tinyusb/src/portable/raspberrypi/rp2040/dcd_rp2040.c.obj
                0x10004cbc                dcd_edpt_open
 .text.dcd_edpt_close_all
                0x10004cfc        0x8 CMakeFiles/rtos_car.dir/Users/rq/pico/pico-sdk/lib/tinyusb/src/portable/raspberrypi/rp2040/dcd_rp2040.c.obj
                0x10004cfc                dcd_edpt_close_all
 .text.dcd_edpt_xfer
                0x10004d04       0x34 CMakeFiles/rtos_car.dir/Users/rq/pico/pico-sdk/lib/tinyusb/src/portable/raspberrypi/rp2040/dcd_rp2040.c.obj
                0x10004d04                dcd_edpt_xfer
 .text.dcd_edpt_stall
                0x10004d38       0x2c CMakeFiles/rtos_car.dir/Users/rq/pico/pico-sdk/lib/tinyusb/src/portable/raspberrypi/rp2040/dcd_rp2040.c.obj
                0x10004d38                dcd_edpt_stall
 .text.dcd_edpt_clear_stall
                0x10004d64       0x20 CMakeFiles/rtos_car.dir/Users/rq/pico/pico-sdk/lib/tinyusb/src/portable/raspberrypi/rp2040/dcd_rp2040.c.obj
                0x10004d64                dcd_edpt_clear_stall
 .text.rp2040_usb_init
                0x10004d84       0x4c CMakeFiles/rtos_car.dir/Users/rq/pico/pico-sdk/lib/tinyusb/src/portable/raspberrypi/rp2040/rp2040_usb.c.obj
                0x10004d84                rp2040_usb_init
 .text.hw_endpoint_xfer_start
                0x10004dd0       0x50 CMakeFiles/rtos_car.dir/Users/rq/pico/pico-sdk/lib/tinyusb/src/portable/raspberrypi/rp2040/rp2040_usb.c.obj
                0x10004dd0                hw_endpoint_xfer_start
 .text.configuration_reset
                0x10004e20       0x84 CMakeFiles/rtos_car.dir/Users/rq/pico/pico-sdk/lib/tinyusb/src/device/usbd.c.obj
 .text.critical_section_enter_blocking
                0x10004ea4       0x16 CMakeFiles/rtos_car.dir/Users/rq/pico/pico-sdk/lib/tinyusb/src/device/usbd.c.obj
 .text.usbd_reset
                0x10004eba        0xc CMakeFiles/rtos_car.dir/Users/rq/pico/pico-sdk/lib/tinyusb/src/device/usbd.c.obj
 .text.invoke_class_control
                0x10004ec6       0x1a CMakeFiles/rtos_car.dir/Users/rq/pico/pico-sdk/lib/tinyusb/src/device/usbd.c.obj
 .text.process_set_config
                0x10004ee0      0x178 CMakeFiles/rtos_car.dir/Users/rq/pico/pico-sdk/lib/tinyusb/src/device/usbd.c.obj
 .text.process_get_descriptor
                0x10005058       0xdc CMakeFiles/rtos_car.dir/Users/rq/pico/pico-sdk/lib/tinyusb/src/device/usbd.c.obj
 .text.tud_mounted
                0x10005134       0x10 CMakeFiles/rtos_car.dir/Users/rq/pico/pico-sdk/lib/tinyusb/src/device/usbd.c.obj
                0x10005134                tud_mounted
 .text.tud_suspended
                0x10005144       0x10 CMakeFiles/rtos_car.dir/Users/rq/pico/pico-sdk/lib/tinyusb/src/device/usbd.c.obj
                0x10005144                tud_suspended
 .text.tud_inited
                0x10005154       0x14 CMakeFiles/rtos_car.dir/Users/rq/pico/pico-sdk/lib/tinyusb/src/device/usbd.c.obj
                0x10005154                tud_inited
 .text.tud_init
                0x10005168       0xcc CMakeFiles/rtos_car.dir/Users/rq/pico/pico-sdk/lib/tinyusb/src/device/usbd.c.obj
                0x10005168                tud_init
 .text.usbd_defer_func
                0x10005234       0x2a CMakeFiles/rtos_car.dir/Users/rq/pico/pico-sdk/lib/tinyusb/src/device/usbd.c.obj
                0x10005234                usbd_defer_func
 *fill*         0x1000525e        0x2 
 .text.usbd_edpt_open
                0x10005260       0x34 CMakeFiles/rtos_car.dir/Users/rq/pico/pico-sdk/lib/tinyusb/src/device/usbd.c.obj
                0x10005260                usbd_edpt_open
 .text.usbd_open_edpt_pair
                0x10005294       0x62 CMakeFiles/rtos_car.dir/Users/rq/pico/pico-sdk/lib/tinyusb/src/device/usbd.c.obj
                0x10005294                usbd_open_edpt_pair
 *fill*         0x100052f6        0x2 
 .text.usbd_edpt_claim
                0x100052f8       0x28 CMakeFiles/rtos_car.dir/Users/rq/pico/pico-sdk/lib/tinyusb/src/device/usbd.c.obj
                0x100052f8                usbd_edpt_claim
 .text.usbd_edpt_release
                0x10005320       0x28 CMakeFiles/rtos_car.dir/Users/rq/pico/pico-sdk/lib/tinyusb/src/device/usbd.c.obj
                0x10005320                usbd_edpt_release
 .text.usbd_edpt_xfer
                0x10005348       0x78 CMakeFiles/rtos_car.dir/Users/rq/pico/pico-sdk/lib/tinyusb/src/device/usbd.c.obj
                0x10005348                usbd_edpt_xfer
 .text.usbd_edpt_stall
                0x100053c0       0x48 CMakeFiles/rtos_car.dir/Users/rq/pico/pico-sdk/lib/tinyusb/src/device/usbd.c.obj
                0x100053c0                usbd_edpt_stall
 .text.usbd_edpt_clear_stall
                0x10005408       0x48 CMakeFiles/rtos_car.dir/Users/rq/pico/pico-sdk/lib/tinyusb/src/device/usbd.c.obj
                0x10005408                usbd_edpt_clear_stall
 .text.usbd_edpt_stalled
                0x10005450       0x1c CMakeFiles/rtos_car.dir/Users/rq/pico/pico-sdk/lib/tinyusb/src/device/usbd.c.obj
                0x10005450                usbd_edpt_stalled
 .text.process_control_request
                0x1000546c      0x374 CMakeFiles/rtos_car.dir/Users/rq/pico/pico-sdk/lib/tinyusb/src/device/usbd.c.obj
 .text.tud_task_ext
                0x100057e0      0x1a8 CMakeFiles/rtos_car.dir/Users/rq/pico/pico-sdk/lib/tinyusb/src/device/usbd.c.obj
                0x100057e0                tud_task_ext
 .text._status_stage_xact
                0x10005988       0x1a CMakeFiles/rtos_car.dir/Users/rq/pico/pico-sdk/lib/tinyusb/src/device/usbd_control.c.obj
 *fill*         0x100059a2        0x2 
 .text._data_stage_xact
                0x100059a4       0x58 CMakeFiles/rtos_car.dir/Users/rq/pico/pico-sdk/lib/tinyusb/src/device/usbd_control.c.obj
 .text.tud_control_status
                0x100059fc       0x28 CMakeFiles/rtos_car.dir/Users/rq/pico/pico-sdk/lib/tinyusb/src/device/usbd_control.c.obj
                0x100059fc                tud_control_status
 .text.tud_control_xfer
                0x10005a24       0x68 CMakeFiles/rtos_car.dir/Users/rq/pico/pico-sdk/lib/tinyusb/src/device/usbd_control.c.obj
                0x10005a24                tud_control_xfer
 .text.usbd_control_reset
                0x10005a8c       0x14 CMakeFiles/rtos_car.dir/Users/rq/pico/pico-sdk/lib/tinyusb/src/device/usbd_control.c.obj
                0x10005a8c                usbd_control_reset
 .text.usbd_control_set_complete_callback
                0x10005aa0        0xc CMakeFiles/rtos_car.dir/Users/rq/pico/pico-sdk/lib/tinyusb/src/device/usbd_control.c.obj
                0x10005aa0                usbd_control_set_complete_callback
 .text.usbd_control_set_request
                0x10005aac       0x1c CMakeFiles/rtos_car.dir/Users/rq/pico/pico-sdk/lib/tinyusb/src/device/usbd_control.c.obj
                0x10005aac                usbd_control_set_request
 .text.usbd_control_xfer_cb
                0x10005ac8       0xbc CMakeFiles/rtos_car.dir/Users/rq/pico/pico-sdk/lib/tinyusb/src/device/usbd_control.c.obj
                0x10005ac8                usbd_control_xfer_cb
 .text._prep_out_transaction
                0x10005b84       0x4a CMakeFiles/rtos_car.dir/Users/rq/pico/pico-sdk/lib/tinyusb/src/class/cdc/cdc_device.c.obj
 *fill*         0x10005bce        0x2 
 .text.tud_cdc_n_connected
                0x10005bd0       0x38 CMakeFiles/rtos_car.dir/Users/rq/pico/pico-sdk/lib/tinyusb/src/class/cdc/cdc_device.c.obj
                0x10005bd0                tud_cdc_n_connected
 .text.tud_cdc_n_available
                0x10005c08       0x18 CMakeFiles/rtos_car.dir/Users/rq/pico/pico-sdk/lib/tinyusb/src/class/cdc/cdc_device.c.obj
                0x10005c08                tud_cdc_n_available
 .text.tud_cdc_n_read
                0x10005c20       0x28 CMakeFiles/rtos_car.dir/Users/rq/pico/pico-sdk/lib/tinyusb/src/class/cdc/cdc_device.c.obj
                0x10005c20                tud_cdc_n_read
 .text.tud_cdc_n_write_flush
                0x10005c48       0xb8 CMakeFiles/rtos_car.dir/Users/rq/pico/pico-sdk/lib/tinyusb/src/class/cdc/cdc_device.c.obj
                0x10005c48                tud_cdc_n_write_flush
 .text.tud_cdc_n_write
                0x10005d00       0x38 CMakeFiles/rtos_car.dir/Users/rq/pico/pico-sdk/lib/tinyusb/src/class/cdc/cdc_device.c.obj
                0x10005d00                tud_cdc_n_write
 .text.tud_cdc_n_write_available
                0x10005d38       0x1c CMakeFiles/rtos_car.dir/Users/rq/pico/pico-sdk/lib/tinyusb/src/class/cdc/cdc_device.c.obj
                0x10005d38                tud_cdc_n_write_available
 .text.cdcd_init
                0x10005d54       0xbc CMakeFiles/rtos_car.dir/Users/rq/pico/pico-sdk/lib/tinyusb/src/class/cdc/cdc_device.c.obj
                0x10005d54                cdcd_init
 .text.cdcd_reset
                0x10005e10       0x44 CMakeFiles/rtos_car.dir/Users/rq/pico/pico-sdk/lib/tinyusb/src/class/cdc/cdc_device.c.obj
                0x10005e10                cdcd_reset
 .text.cdcd_open
                0x10005e54       0xc4 CMakeFiles/rtos_car.dir/Users/rq/pico/pico-sdk/lib/tinyusb/src/class/cdc/cdc_device.c.obj
                0x10005e54                cdcd_open
 .text.cdcd_control_xfer_cb
                0x10005f18      0x134 CMakeFiles/rtos_car.dir/Users/rq/pico/pico-sdk/lib/tinyusb/src/class/cdc/cdc_device.c.obj
                0x10005f18                cdcd_control_xfer_cb
 .text.cdcd_xfer_cb
                0x1000604c      0x130 CMakeFiles/rtos_car.dir/Users/rq/pico/pico-sdk/lib/tinyusb/src/class/cdc/cdc_device.c.obj
                0x1000604c                cdcd_xfer_cb
 .text.tusb_init
                0x1000617c        0xa CMakeFiles/rtos_car.dir/Users/rq/pico/pico-sdk/lib/tinyusb/src/tusb.c.obj
                0x1000617c                tusb_init
 .text.tusb_inited
                0x10006186        0xe CMakeFiles/rtos_car.dir/Users/rq/pico/pico-sdk/lib/tinyusb/src/tusb.c.obj
                0x10006186                tusb_inited
 .text.tu_edpt_claim
                0x10006194       0x50 CMakeFiles/rtos_car.dir/Users/rq/pico/pico-sdk/lib/tinyusb/src/tusb.c.obj
                0x10006194                tu_edpt_claim
 .text.tu_edpt_release
                0x100061e4       0x38 CMakeFiles/rtos_car.dir/Users/rq/pico/pico-sdk/lib/tinyusb/src/tusb.c.obj
                0x100061e4                tu_edpt_release
 .text.tu_edpt_validate
                0x1000621c       0x78 CMakeFiles/rtos_car.dir/Users/rq/pico/pico-sdk/lib/tinyusb/src/tusb.c.obj
                0x1000621c                tu_edpt_validate
 .text.tu_edpt_bind_driver
                0x10006294       0x26 CMakeFiles/rtos_car.dir/Users/rq/pico/pico-sdk/lib/tinyusb/src/tusb.c.obj
                0x10006294                tu_edpt_bind_driver
 .text.advance_index
                0x100062ba       0x1a CMakeFiles/rtos_car.dir/Users/rq/pico/pico-sdk/lib/tinyusb/src/common/tusb_fifo.c.obj
 .text._tu_fifo_peek
                0x100062d4       0x56 CMakeFiles/rtos_car.dir/Users/rq/pico/pico-sdk/lib/tinyusb/src/common/tusb_fifo.c.obj
 .text._ff_pull_const_addr
                0x1000632a       0x4c CMakeFiles/rtos_car.dir/Users/rq/pico/pico-sdk/lib/tinyusb/src/common/tusb_fifo.c.obj
 .text._ff_pull_n
                0x10006376      0x110 CMakeFiles/rtos_car.dir/Users/rq/pico/pico-sdk/lib/tinyusb/src/common/tusb_fifo.c.obj
 .text._tu_fifo_peek_n
                0x10006486       0x6a CMakeFiles/rtos_car.dir/Users/rq/pico/pico-sdk/lib/tinyusb/src/common/tusb_fifo.c.obj
 .text._tu_fifo_read_n
                0x100064f0       0x4e CMakeFiles/rtos_car.dir/Users/rq/pico/pico-sdk/lib/tinyusb/src/common/tusb_fifo.c.obj
 .text._ff_push_const_addr
                0x1000653e       0x40 CMakeFiles/rtos_car.dir/Users/rq/pico/pico-sdk/lib/tinyusb/src/common/tusb_fifo.c.obj
 .text._ff_push_n
                0x1000657e      0x10c CMakeFiles/rtos_car.dir/Users/rq/pico/pico-sdk/lib/tinyusb/src/common/tusb_fifo.c.obj
 .text._tu_fifo_write_n
                0x1000668a       0xf0 CMakeFiles/rtos_car.dir/Users/rq/pico/pico-sdk/lib/tinyusb/src/common/tusb_fifo.c.obj
 .text.tu_fifo_config
                0x1000677a       0x7c CMakeFiles/rtos_car.dir/Users/rq/pico/pico-sdk/lib/tinyusb/src/common/tusb_fifo.c.obj
                0x1000677a                tu_fifo_config
 .text.tu_fifo_count
                0x100067f6       0x2a CMakeFiles/rtos_car.dir/Users/rq/pico/pico-sdk/lib/tinyusb/src/common/tusb_fifo.c.obj
                0x100067f6                tu_fifo_count
 .text.tu_fifo_empty
                0x10006820        0xe CMakeFiles/rtos_car.dir/Users/rq/pico/pico-sdk/lib/tinyusb/src/common/tusb_fifo.c.obj
                0x10006820                tu_fifo_empty
 .text.tu_fifo_full
                0x1000682e       0x28 CMakeFiles/rtos_car.dir/Users/rq/pico/pico-sdk/lib/tinyusb/src/common/tusb_fifo.c.obj
                0x1000682e                tu_fifo_full
 .text.tu_fifo_remaining
                0x10006856       0x2c CMakeFiles/rtos_car.dir/Users/rq/pico/pico-sdk/lib/tinyusb/src/common/tusb_fifo.c.obj
                0x10006856                tu_fifo_remaining
 .text.tu_fifo_read
                0x10006882       0x42 CMakeFiles/rtos_car.dir/Users/rq/pico/pico-sdk/lib/tinyusb/src/common/tusb_fifo.c.obj
                0x10006882                tu_fifo_read
 .text.tu_fifo_read_n
                0x100068c4        0xa CMakeFiles/rtos_car.dir/Users/rq/pico/pico-sdk/lib/tinyusb/src/common/tusb_fifo.c.obj
                0x100068c4                tu_fifo_read_n
 .text.tu_fifo_write
                0x100068ce       0x64 CMakeFiles/rtos_car.dir/Users/rq/pico/pico-sdk/lib/tinyusb/src/common/tusb_fifo.c.obj
                0x100068ce                tu_fifo_write
 .text.tu_fifo_write_n
                0x10006932        0xa CMakeFiles/rtos_car.dir/Users/rq/pico/pico-sdk/lib/tinyusb/src/common/tusb_fifo.c.obj
                0x10006932                tu_fifo_write_n
 .text.tu_fifo_clear
                0x1000693c       0x3e CMakeFiles/rtos_car.dir/Users/rq/pico/pico-sdk/lib/tinyusb/src/common/tusb_fifo.c.obj
                0x1000693c                tu_fifo_clear
 .text.tu_fifo_set_overwritable
                0x1000697a       0x46 CMakeFiles/rtos_car.dir/Users/rq/pico/pico-sdk/lib/tinyusb/src/common/tusb_fifo.c.obj
                0x1000697a                tu_fifo_set_overwritable
 .text.prvHeapInit
                0x100069c0       0x58 CMakeFiles/rtos_car.dir/Users/rq/pico/FreeRTOS-KernelV10.6.1/portable/MemMang/heap_4.c.obj
 .text.prvInsertBlockIntoFreeList
                0x10006a18       0x54 CMakeFiles/rtos_car.dir/Users/rq/pico/FreeRTOS-KernelV10.6.1/portable/MemMang/heap_4.c.obj
 .text.pvPortMalloc
                0x10006a6c      0x110 CMakeFiles/rtos_car.dir/Users/rq/pico/FreeRTOS-KernelV10.6.1/portable/MemMang/heap_4.c.obj
                0x10006a6c                pvPortMalloc
 .text.vPortFree
                0x10006b7c       0x7c CMakeFiles/rtos_car.dir/Users/rq/pico/FreeRTOS-KernelV10.6.1/portable/MemMang/heap_4.c.obj
                0x10006b7c                vPortFree
 .text.time_reached
                0x10006bf8       0x28 CMakeFiles/rtos_car.dir/Users/rq/pico/FreeRTOS-KernelV10.6.1/portable/ThirdParty/GCC/RP2040/port.c.obj
 .text.vPortSVCHandler
                0x10006c20        0x2 CMakeFiles/rtos_car.dir/Users/rq/pico/FreeRTOS-KernelV10.6.1/portable/ThirdParty/GCC/RP2040/port.c.obj
                0x10006c20                vPortSVCHandler
 *fill*         0x10006c22        0xe 
 .text.vPortStartFirstTask
                0x10006c30       0x34 CMakeFiles/rtos_car.dir/Users/rq/pico/FreeRTOS-KernelV10.6.1/portable/ThirdParty/GCC/RP2040/port.c.obj
 *fill*         0x10006c64        0xc 
 .text.xPortPendSVHandler
                0x10006c70       0x64 CMakeFiles/rtos_car.dir/Users/rq/pico/FreeRTOS-KernelV10.6.1/portable/ThirdParty/GCC/RP2040/port.c.obj
                0x10006c70                xPortPendSVHandler
 .text.prvTaskExitError
                0x10006cd4        0x6 CMakeFiles/rtos_car.dir/Users/rq/pico/FreeRTOS-KernelV10.6.1/portable/ThirdParty/GCC/RP2040/port.c.obj
 *fill*         0x10006cda        0x2 
 .text.update_us_since_boot
                0x10006cdc       0x24 CMakeFiles/rtos_car.dir/Users/rq/pico/FreeRTOS-KernelV10.6.1/portable/ThirdParty/GCC/RP2040/port.c.obj
 .text.get_absolute_time
                0x10006d00       0x22 CMakeFiles/rtos_car.dir/Users/rq/pico/FreeRTOS-KernelV10.6.1/portable/ThirdParty/GCC/RP2040/port.c.obj
 *fill*         0x10006d22        0x2 
 .text.prvGetTicksToWaitBefore
                0x10006d24       0x48 CMakeFiles/rtos_car.dir/Users/rq/pico/FreeRTOS-KernelV10.6.1/portable/ThirdParty/GCC/RP2040/port.c.obj
 .text.pxPortInitialiseStack
                0x10006d6c       0x24 CMakeFiles/rtos_car.dir/Users/rq/pico/FreeRTOS-KernelV10.6.1/portable/ThirdParty/GCC/RP2040/port.c.obj
                0x10006d6c                pxPortInitialiseStack
 .text.vPortYield
                0x10006d90       0x40 CMakeFiles/rtos_car.dir/Users/rq/pico/FreeRTOS-KernelV10.6.1/portable/ThirdParty/GCC/RP2040/port.c.obj
                0x10006d90                vPortYield
 .text.vPortEnterCritical
                0x10006dd0       0x18 CMakeFiles/rtos_car.dir/Users/rq/pico/FreeRTOS-KernelV10.6.1/portable/ThirdParty/GCC/RP2040/port.c.obj
                0x10006dd0                vPortEnterCritical
 .text.vPortEnableInterrupts
                0x10006de8       0x28 CMakeFiles/rtos_car.dir/Users/rq/pico/FreeRTOS-KernelV10.6.1/portable/ThirdParty/GCC/RP2040/port.c.obj
                0x10006de8                vPortEnableInterrupts
 .text.vPortExitCritical
                0x10006e10       0x3c CMakeFiles/rtos_car.dir/Users/rq/pico/FreeRTOS-KernelV10.6.1/portable/ThirdParty/GCC/RP2040/port.c.obj
                0x10006e10                vPortExitCritical
 .text.ulSetInterruptMaskFromISR
                0x10006e4c        0x8 CMakeFiles/rtos_car.dir/Users/rq/pico/FreeRTOS-KernelV10.6.1/portable/ThirdParty/GCC/RP2040/port.c.obj
                0x10006e4c                ulSetInterruptMaskFromISR
 .text.vClearInterruptMaskFromISR
                0x10006e54        0x6 CMakeFiles/rtos_car.dir/Users/rq/pico/FreeRTOS-KernelV10.6.1/portable/ThirdParty/GCC/RP2040/port.c.obj
                0x10006e54                vClearInterruptMaskFromISR
 *fill*         0x10006e5a        0x2 
 .text.xPortSysTickHandler
                0x10006e5c       0x24 CMakeFiles/rtos_car.dir/Users/rq/pico/FreeRTOS-KernelV10.6.1/portable/ThirdParty/GCC/RP2040/port.c.obj
                0x10006e5c                xPortSysTickHandler
 .text.vPortSetupTimerInterrupt
                0x10006e80       0x34 CMakeFiles/rtos_car.dir/Users/rq/pico/FreeRTOS-KernelV10.6.1/portable/ThirdParty/GCC/RP2040/port.c.obj
                0x10006e80                vPortSetupTimerInterrupt
 .text.xPortStartScheduler
                0x10006eb4       0x70 CMakeFiles/rtos_car.dir/Users/rq/pico/FreeRTOS-KernelV10.6.1/portable/ThirdParty/GCC/RP2040/port.c.obj
                0x10006eb4                xPortStartScheduler
 .text.ulPortLockGetCurrentOwnerId
                0x10006f24       0x2c CMakeFiles/rtos_car.dir/Users/rq/pico/FreeRTOS-KernelV10.6.1/portable/ThirdParty/GCC/RP2040/port.c.obj
                0x10006f24                ulPortLockGetCurrentOwnerId
 .text.vPortLockInternalSpinUnlockWithWait
                0x10006f50       0xc4 CMakeFiles/rtos_car.dir/Users/rq/pico/FreeRTOS-KernelV10.6.1/portable/ThirdParty/GCC/RP2040/port.c.obj
                0x10006f50                vPortLockInternalSpinUnlockWithWait
 .text.vPortLockInternalSpinUnlockWithNotify
                0x10007014       0x88 CMakeFiles/rtos_car.dir/Users/rq/pico/FreeRTOS-KernelV10.6.1/portable/ThirdParty/GCC/RP2040/port.c.obj
                0x10007014                vPortLockInternalSpinUnlockWithNotify
 .text.xPortLockInternalSpinUnlockWithBestEffortWaitOrTimeout
                0x1000709c      0x114 CMakeFiles/rtos_car.dir/Users/rq/pico/FreeRTOS-KernelV10.6.1/portable/ThirdParty/GCC/RP2040/port.c.obj
                0x1000709c                xPortLockInternalSpinUnlockWithBestEffortWaitOrTimeout
 .text.prvRuntimeInitializer
                0x100071b0       0x10 CMakeFiles/rtos_car.dir/Users/rq/pico/FreeRTOS-KernelV10.6.1/portable/ThirdParty/GCC/RP2040/port.c.obj
 .text.prvTestWaitCondition
                0x100071c0       0x1e CMakeFiles/rtos_car.dir/Users/rq/pico/FreeRTOS-KernelV10.6.1/event_groups.c.obj
 .text.xEventGroupCreate
                0x100071de       0x18 CMakeFiles/rtos_car.dir/Users/rq/pico/FreeRTOS-KernelV10.6.1/event_groups.c.obj
                0x100071de                xEventGroupCreate
 *fill*         0x100071f6        0x2 
 .text.xEventGroupWaitBits
                0x100071f8      0x120 CMakeFiles/rtos_car.dir/Users/rq/pico/FreeRTOS-KernelV10.6.1/event_groups.c.obj
                0x100071f8                xEventGroupWaitBits
 .text.xEventGroupSetBits
                0x10007318       0x98 CMakeFiles/rtos_car.dir/Users/rq/pico/FreeRTOS-KernelV10.6.1/event_groups.c.obj
                0x10007318                xEventGroupSetBits
 .text.vEventGroupSetBitsCallback
                0x100073b0        0x8 CMakeFiles/rtos_car.dir/Users/rq/pico/FreeRTOS-KernelV10.6.1/event_groups.c.obj
                0x100073b0                vEventGroupSetBitsCallback
 .text.xEventGroupSetBitsFromISR
                0x100073b8       0x18 CMakeFiles/rtos_car.dir/Users/rq/pico/FreeRTOS-KernelV10.6.1/event_groups.c.obj
                0x100073b8                xEventGroupSetBitsFromISR
 .text.vListInitialise
                0x100073d0       0x16 CMakeFiles/rtos_car.dir/Users/rq/pico/FreeRTOS-KernelV10.6.1/list.c.obj
                0x100073d0                vListInitialise
 .text.vListInitialiseItem
                0x100073e6        0x6 CMakeFiles/rtos_car.dir/Users/rq/pico/FreeRTOS-KernelV10.6.1/list.c.obj
                0x100073e6                vListInitialiseItem
 .text.vListInsert
                0x100073ec       0x2e CMakeFiles/rtos_car.dir/Users/rq/pico/FreeRTOS-KernelV10.6.1/list.c.obj
                0x100073ec                vListInsert
 .text.uxListRemove
                0x1000741a       0x26 CMakeFiles/rtos_car.dir/Users/rq/pico/FreeRTOS-KernelV10.6.1/list.c.obj
                0x1000741a                uxListRemove
 .text.prvGetDisinheritPriorityAfterTimeout
                0x10007440       0x12 CMakeFiles/rtos_car.dir/Users/rq/pico/FreeRTOS-KernelV10.6.1/queue.c.obj
 .text.prvIsQueueFull
                0x10007452       0x1e CMakeFiles/rtos_car.dir/Users/rq/pico/FreeRTOS-KernelV10.6.1/queue.c.obj
 .text.prvIsQueueEmpty
                0x10007470       0x1c CMakeFiles/rtos_car.dir/Users/rq/pico/FreeRTOS-KernelV10.6.1/queue.c.obj
 .text.prvCopyDataToQueue
                0x1000748c       0x7e CMakeFiles/rtos_car.dir/Users/rq/pico/FreeRTOS-KernelV10.6.1/queue.c.obj
 .text.prvCopyDataFromQueue
                0x1000750a       0x24 CMakeFiles/rtos_car.dir/Users/rq/pico/FreeRTOS-KernelV10.6.1/queue.c.obj
 *fill*         0x1000752e        0x2 
 .text.prvNotifyQueueSetContainer
                0x10007530       0xa8 CMakeFiles/rtos_car.dir/Users/rq/pico/FreeRTOS-KernelV10.6.1/queue.c.obj
 .text.prvUnlockQueue
                0x100075d8       0x88 CMakeFiles/rtos_car.dir/Users/rq/pico/FreeRTOS-KernelV10.6.1/queue.c.obj
 .text.xQueueGenericReset
                0x10007660       0xd8 CMakeFiles/rtos_car.dir/Users/rq/pico/FreeRTOS-KernelV10.6.1/queue.c.obj
                0x10007660                xQueueGenericReset
 .text.prvInitialiseNewQueue
                0x10007738       0x26 CMakeFiles/rtos_car.dir/Users/rq/pico/FreeRTOS-KernelV10.6.1/queue.c.obj
 *fill*         0x1000775e        0x2 
 .text.xQueueGenericCreate
                0x10007760       0x90 CMakeFiles/rtos_car.dir/Users/rq/pico/FreeRTOS-KernelV10.6.1/queue.c.obj
                0x10007760                xQueueGenericCreate
 .text.xQueueGenericSend
                0x100077f0      0x18c CMakeFiles/rtos_car.dir/Users/rq/pico/FreeRTOS-KernelV10.6.1/queue.c.obj
                0x100077f0                xQueueGenericSend
 .text.prvInitialiseMutex
                0x1000797c       0x18 CMakeFiles/rtos_car.dir/Users/rq/pico/FreeRTOS-KernelV10.6.1/queue.c.obj
 .text.xQueueCreateMutex
                0x10007994       0x16 CMakeFiles/rtos_car.dir/Users/rq/pico/FreeRTOS-KernelV10.6.1/queue.c.obj
                0x10007994                xQueueCreateMutex
 *fill*         0x100079aa        0x2 
 .text.xQueueGenericSendFromISR
                0x100079ac      0x13c CMakeFiles/rtos_car.dir/Users/rq/pico/FreeRTOS-KernelV10.6.1/queue.c.obj
                0x100079ac                xQueueGenericSendFromISR
 .text.xQueueReceive
                0x10007ae8      0x14c CMakeFiles/rtos_car.dir/Users/rq/pico/FreeRTOS-KernelV10.6.1/queue.c.obj
                0x10007ae8                xQueueReceive
 .text.xQueueSemaphoreTake
                0x10007c34      0x188 CMakeFiles/rtos_car.dir/Users/rq/pico/FreeRTOS-KernelV10.6.1/queue.c.obj
                0x10007c34                xQueueSemaphoreTake
 .text.vQueueAddToRegistry
                0x10007dbc       0x68 CMakeFiles/rtos_car.dir/Users/rq/pico/FreeRTOS-KernelV10.6.1/queue.c.obj
                0x10007dbc                vQueueAddToRegistry
 .text.vQueueWaitForMessageRestricted
                0x10007e24       0x50 CMakeFiles/rtos_car.dir/Users/rq/pico/FreeRTOS-KernelV10.6.1/queue.c.obj
                0x10007e24                vQueueWaitForMessageRestricted
 .text.prvResetNextTaskUnblockTime
                0x10007e74       0x2c CMakeFiles/rtos_car.dir/Users/rq/pico/FreeRTOS-KernelV10.6.1/tasks.c.obj
 .text.prvDeleteTCB
                0x10007ea0       0x12 CMakeFiles/rtos_car.dir/Users/rq/pico/FreeRTOS-KernelV10.6.1/tasks.c.obj
 *fill*         0x10007eb2        0x2 
 .text.prvInitialiseNewTask
                0x10007eb4       0xb0 CMakeFiles/rtos_car.dir/Users/rq/pico/FreeRTOS-KernelV10.6.1/tasks.c.obj
 .text.prvInitialiseTaskLists
                0x10007f64       0x68 CMakeFiles/rtos_car.dir/Users/rq/pico/FreeRTOS-KernelV10.6.1/tasks.c.obj
 .text.prvAddNewTaskToReadyList
                0x10007fcc       0xc4 CMakeFiles/rtos_car.dir/Users/rq/pico/FreeRTOS-KernelV10.6.1/tasks.c.obj
 .text.prvCheckTasksWaitingTermination
                0x10008090       0x44 CMakeFiles/rtos_car.dir/Users/rq/pico/FreeRTOS-KernelV10.6.1/tasks.c.obj
 .text.prvIdleTask
                0x100080d4       0x18 CMakeFiles/rtos_car.dir/Users/rq/pico/FreeRTOS-KernelV10.6.1/tasks.c.obj
 .text.prvAddCurrentTaskToDelayedList
                0x100080ec       0x9c CMakeFiles/rtos_car.dir/Users/rq/pico/FreeRTOS-KernelV10.6.1/tasks.c.obj
 .text.xTaskCreate
                0x10008188       0x62 CMakeFiles/rtos_car.dir/Users/rq/pico/FreeRTOS-KernelV10.6.1/tasks.c.obj
                0x10008188                xTaskCreate
 *fill*         0x100081ea        0x2 
 .text.vTaskStartScheduler
                0x100081ec       0x84 CMakeFiles/rtos_car.dir/Users/rq/pico/FreeRTOS-KernelV10.6.1/tasks.c.obj
                0x100081ec                vTaskStartScheduler
 .text.vTaskSuspendAll
                0x10008270       0x10 CMakeFiles/rtos_car.dir/Users/rq/pico/FreeRTOS-KernelV10.6.1/tasks.c.obj
                0x10008270                vTaskSuspendAll
 .text.xTaskGetTickCount
                0x10008280        0xc CMakeFiles/rtos_car.dir/Users/rq/pico/FreeRTOS-KernelV10.6.1/tasks.c.obj
                0x10008280                xTaskGetTickCount
 .text.uxTaskGetNumberOfTasks
                0x1000828c        0xc CMakeFiles/rtos_car.dir/Users/rq/pico/FreeRTOS-KernelV10.6.1/tasks.c.obj
                0x1000828c                uxTaskGetNumberOfTasks
 .text.xTaskIncrementTick
                0x10008298      0x17c CMakeFiles/rtos_car.dir/Users/rq/pico/FreeRTOS-KernelV10.6.1/tasks.c.obj
                0x10008298                xTaskIncrementTick
 .text.xTaskResumeAll
                0x10008414      0x15c CMakeFiles/rtos_car.dir/Users/rq/pico/FreeRTOS-KernelV10.6.1/tasks.c.obj
                0x10008414                xTaskResumeAll
 .text.vTaskDelay
                0x10008570       0x48 CMakeFiles/rtos_car.dir/Users/rq/pico/FreeRTOS-KernelV10.6.1/tasks.c.obj
                0x10008570                vTaskDelay
 .text.vTaskSwitchContext
                0x100085b8       0xa8 CMakeFiles/rtos_car.dir/Users/rq/pico/FreeRTOS-KernelV10.6.1/tasks.c.obj
                0x100085b8                vTaskSwitchContext
 .text.vTaskPlaceOnEventList
                0x10008660       0x3c CMakeFiles/rtos_car.dir/Users/rq/pico/FreeRTOS-KernelV10.6.1/tasks.c.obj
                0x10008660                vTaskPlaceOnEventList
 .text.vTaskPlaceOnUnorderedEventList
                0x1000869c       0x80 CMakeFiles/rtos_car.dir/Users/rq/pico/FreeRTOS-KernelV10.6.1/tasks.c.obj
                0x1000869c                vTaskPlaceOnUnorderedEventList
 .text.vTaskPlaceOnEventListRestricted
                0x1000871c       0x60 CMakeFiles/rtos_car.dir/Users/rq/pico/FreeRTOS-KernelV10.6.1/tasks.c.obj
                0x1000871c                vTaskPlaceOnEventListRestricted
 .text.xTaskRemoveFromEventList
                0x1000877c      0x100 CMakeFiles/rtos_car.dir/Users/rq/pico/FreeRTOS-KernelV10.6.1/tasks.c.obj
                0x1000877c                xTaskRemoveFromEventList
 .text.vTaskRemoveFromUnorderedEventList
                0x1000887c       0xf4 CMakeFiles/rtos_car.dir/Users/rq/pico/FreeRTOS-KernelV10.6.1/tasks.c.obj
                0x1000887c                vTaskRemoveFromUnorderedEventList
 .text.vTaskInternalSetTimeOutState
                0x10008970       0x18 CMakeFiles/rtos_car.dir/Users/rq/pico/FreeRTOS-KernelV10.6.1/tasks.c.obj
                0x10008970                vTaskInternalSetTimeOutState
 .text.xTaskCheckForTimeOut
                0x10008988       0xb4 CMakeFiles/rtos_car.dir/Users/rq/pico/FreeRTOS-KernelV10.6.1/tasks.c.obj
                0x10008988                xTaskCheckForTimeOut
 .text.vTaskMissedYield
                0x10008a3c        0xc CMakeFiles/rtos_car.dir/Users/rq/pico/FreeRTOS-KernelV10.6.1/tasks.c.obj
                0x10008a3c                vTaskMissedYield
 .text.xTaskGetCurrentTaskHandle
                0x10008a48        0xc CMakeFiles/rtos_car.dir/Users/rq/pico/FreeRTOS-KernelV10.6.1/tasks.c.obj
                0x10008a48                xTaskGetCurrentTaskHandle
 .text.xTaskGetSchedulerState
                0x10008a54       0x24 CMakeFiles/rtos_car.dir/Users/rq/pico/FreeRTOS-KernelV10.6.1/tasks.c.obj
                0x10008a54                xTaskGetSchedulerState
 .text.xTaskPriorityInherit
                0x10008a78       0xb4 CMakeFiles/rtos_car.dir/Users/rq/pico/FreeRTOS-KernelV10.6.1/tasks.c.obj
                0x10008a78                xTaskPriorityInherit
 .text.xTaskPriorityDisinherit
                0x10008b2c       0xc0 CMakeFiles/rtos_car.dir/Users/rq/pico/FreeRTOS-KernelV10.6.1/tasks.c.obj
                0x10008b2c                xTaskPriorityDisinherit
 .text.vTaskPriorityDisinheritAfterTimeout
                0x10008bec       0xcc CMakeFiles/rtos_car.dir/Users/rq/pico/FreeRTOS-KernelV10.6.1/tasks.c.obj
                0x10008bec                vTaskPriorityDisinheritAfterTimeout
 .text.uxTaskResetEventItemValue
                0x10008cb8       0x18 CMakeFiles/rtos_car.dir/Users/rq/pico/FreeRTOS-KernelV10.6.1/tasks.c.obj
                0x10008cb8                uxTaskResetEventItemValue
 .text.pvTaskIncrementMutexHeldCount
                0x10008cd0       0x1c CMakeFiles/rtos_car.dir/Users/rq/pico/FreeRTOS-KernelV10.6.1/tasks.c.obj
                0x10008cd0                pvTaskIncrementMutexHeldCount
 .text.prvGetNextExpireTime
                0x10008cec       0x24 CMakeFiles/rtos_car.dir/Users/rq/pico/FreeRTOS-KernelV10.6.1/timers.c.obj
 .text.prvInsertTimerInActiveList
                0x10008d10       0x48 CMakeFiles/rtos_car.dir/Users/rq/pico/FreeRTOS-KernelV10.6.1/timers.c.obj
 .text.prvReloadTimer
                0x10008d58       0x28 CMakeFiles/rtos_car.dir/Users/rq/pico/FreeRTOS-KernelV10.6.1/timers.c.obj
 .text.prvProcessExpiredTimer
                0x10008d80       0x3c CMakeFiles/rtos_car.dir/Users/rq/pico/FreeRTOS-KernelV10.6.1/timers.c.obj
 .text.prvSwitchTimerLists
                0x10008dbc       0x30 CMakeFiles/rtos_car.dir/Users/rq/pico/FreeRTOS-KernelV10.6.1/timers.c.obj
 .text.prvSampleTimeNow
                0x10008dec       0x2c CMakeFiles/rtos_car.dir/Users/rq/pico/FreeRTOS-KernelV10.6.1/timers.c.obj
 .text.prvProcessTimerOrBlockTask
                0x10008e18       0x70 CMakeFiles/rtos_car.dir/Users/rq/pico/FreeRTOS-KernelV10.6.1/timers.c.obj
 .text.prvProcessReceivedCommands
                0x10008e88      0x100 CMakeFiles/rtos_car.dir/Users/rq/pico/FreeRTOS-KernelV10.6.1/timers.c.obj
 .text.prvTimerTask
                0x10008f88       0x16 CMakeFiles/rtos_car.dir/Users/rq/pico/FreeRTOS-KernelV10.6.1/timers.c.obj
 *fill*         0x10008f9e        0x2 
 .text.prvCheckForValidListAndQueue
                0x10008fa0       0x60 CMakeFiles/rtos_car.dir/Users/rq/pico/FreeRTOS-KernelV10.6.1/timers.c.obj
 .text.xTimerCreateTimerTask
                0x10009000       0x58 CMakeFiles/rtos_car.dir/Users/rq/pico/FreeRTOS-KernelV10.6.1/timers.c.obj
                0x10009000                xTimerCreateTimerTask
 .text.xTimerPendFunctionCallFromISR
                0x10009058       0x28 CMakeFiles/rtos_car.dir/Users/rq/pico/FreeRTOS-KernelV10.6.1/timers.c.obj
                0x10009058                xTimerPendFunctionCallFromISR
 .text.adc_init
                0x10009080       0x34 CMakeFiles/rtos_car.dir/Users/rq/pico/pico-sdk/src/rp2_common/hardware_adc/adc.c.obj
                0x10009080                adc_init
 .text.strlen   0x100090b4       0x5c /Applications/ArmGNUToolchain/12.3.rel1/arm-none-eabi/bin/../lib/gcc/arm-none-eabi/12.3.1/../../../../arm-none-eabi/lib/thumb/v6-m/nofp/libg.a(libc_a-strlen-stub.o)
                0x100090b4                strlen
 *(.fini)
 .fini          0x10009110        0x4 /Applications/ArmGNUToolchain/12.3.rel1/arm-none-eabi/bin/../lib/gcc/arm-none-eabi/12.3.1/thumb/v6-m/nofp/crti.o
                0x10009110                _fini
 *fill*         0x10009114        0x4 
 .fini.__stub   0x10009118       0xe0 linker stubs
 *crtbegin.o(.ctors)
 *crtbegin?.o(.ctors)
 *(EXCLUDE_FILE(*crtend.o *crtend?.o) .ctors)
 *(SORT_BY_NAME(.ctors.*))
 *(.ctors)
 *crtbegin.o(.dtors)
 *crtbegin?.o(.dtors)
 *(EXCLUDE_FILE(*crtend.o *crtend?.o) .dtors)
 *(SORT_BY_NAME(.dtors.*))
 *(.dtors)
 *(.eh_frame*)
 .eh_frame      0x100091f8        0x0 /Applications/ArmGNUToolchain/12.3.rel1/arm-none-eabi/bin/../lib/gcc/arm-none-eabi/12.3.1/thumb/v6-m/nofp/crtbegin.o
                0x100091f8                        . = ALIGN (0x4)

.glue_7         0x100091f8        0x0
 .glue_7        0x100091f8        0x0 linker stubs

.glue_7t        0x100091f8        0x0
 .glue_7t       0x100091f8        0x0 linker stubs

.vfp11_veneer   0x100091f8        0x0
 .vfp11_veneer  0x100091f8        0x0 linker stubs

.v4_bx          0x100091f8        0x0
 .v4_bx         0x100091f8        0x0 linker stubs

.iplt           0x100091f8        0x0
 .iplt          0x100091f8        0x0 /Applications/ArmGNUToolchain/12.3.rel1/arm-none-eabi/bin/../lib/gcc/arm-none-eabi/12.3.1/thumb/v6-m/nofp/crtbegin.o

.rodata         0x100091f8     0x213c
 *(EXCLUDE_FILE(*libm.a: *libc.a:*lib_a-mem*.o *libgcc.a:) .rodata*)
 .rodata.monitor_left_wheel_speed_task.str1.4
                0x100091f8       0x10 CMakeFiles/rtos_car.dir/rtos_car.c.obj
 .rodata.monitor_right_wheel_speed_task.str1.4
                0x10009208       0x18 CMakeFiles/rtos_car.dir/rtos_car.c.obj
 .rodata.launch.str1.4
                0x10009220       0x3f CMakeFiles/rtos_car.dir/rtos_car.c.obj
 *fill*         0x1000925f        0x1 
 .rodata.pico_get_unique_board_id_string.str1.4
                0x10009260       0x4a CMakeFiles/rtos_car.dir/Users/rq/pico/pico-sdk/src/rp2_common/pico_unique_id/unique_id.c.obj
 *fill*         0x100092aa        0x2 
 .rodata.__func__.0
                0x100092ac       0x20 CMakeFiles/rtos_car.dir/Users/rq/pico/pico-sdk/src/rp2_common/pico_unique_id/unique_id.c.obj
 .rodata.str1.4
                0x100092cc      0x156 CMakeFiles/rtos_car.dir/Users/rq/pico/pico-sdk/src/rp2_common/hardware_flash/flash.c.obj
 *fill*         0x10009422        0x2 
 .rodata.__func__.0
                0x10009424        0xd CMakeFiles/rtos_car.dir/Users/rq/pico/pico-sdk/src/rp2_common/hardware_flash/flash.c.obj
 *fill*         0x10009431        0x3 
 .rodata.spin_lock_claim_unused.str1.4
                0x10009434       0x1b CMakeFiles/rtos_car.dir/Users/rq/pico/pico-sdk/src/rp2_common/hardware_sync/sync.c.obj
 *fill*         0x1000944f        0x1 
 .rodata.clock_configure.str1.4
                0x10009450       0x54 CMakeFiles/rtos_car.dir/Users/rq/pico/pico-sdk/src/rp2_common/hardware_clocks/clocks.c.obj
 .rodata.__func__.1
                0x100094a4       0x10 CMakeFiles/rtos_car.dir/Users/rq/pico/pico-sdk/src/rp2_common/hardware_clocks/clocks.c.obj
 .rodata.resolve_branch.str1.4
                0x100094b4       0x52 CMakeFiles/rtos_car.dir/Users/rq/pico/pico-sdk/src/rp2_common/hardware_irq/irq.c.obj
 *fill*         0x10009506        0x2 
 .rodata.make_branch.str1.4
                0x10009508       0x30 CMakeFiles/rtos_car.dir/Users/rq/pico/pico-sdk/src/rp2_common/hardware_irq/irq.c.obj
 .rodata.insert_branch_and_link.str1.4
                0x10009538       0x10 CMakeFiles/rtos_car.dir/Users/rq/pico/pico-sdk/src/rp2_common/hardware_irq/irq.c.obj
 .rodata.irq_set_exclusive_handler.str1.4
                0x10009548       0x36 CMakeFiles/rtos_car.dir/Users/rq/pico/pico-sdk/src/rp2_common/hardware_irq/irq.c.obj
 *fill*         0x1000957e        0x2 
 .rodata.irq_add_shared_handler.str1.4
                0x10009580       0xc2 CMakeFiles/rtos_car.dir/Users/rq/pico/pico-sdk/src/rp2_common/hardware_irq/irq.c.obj
 *fill*         0x10009642        0x2 
 .rodata.irq_remove_handler.str1.4
                0x10009644       0x3a CMakeFiles/rtos_car.dir/Users/rq/pico/pico-sdk/src/rp2_common/hardware_irq/irq.c.obj
 *fill*         0x1000967e        0x2 
 .rodata.irq_add_tail_to_free_list.str1.4
                0x10009680       0x3a CMakeFiles/rtos_car.dir/Users/rq/pico/pico-sdk/src/rp2_common/hardware_irq/irq.c.obj
 *fill*         0x100096ba        0x2 
 .rodata.user_irq_claim_unused.str1.4
                0x100096bc       0x1b CMakeFiles/rtos_car.dir/Users/rq/pico/pico-sdk/src/rp2_common/hardware_irq/irq.c.obj
 *fill*         0x100096d7        0x1 
 .rodata.__func__.0
                0x100096d8       0x1a CMakeFiles/rtos_car.dir/Users/rq/pico/pico-sdk/src/rp2_common/hardware_irq/irq.c.obj
 *fill*         0x100096f2        0x2 
 .rodata.__func__.1
                0x100096f4       0x17 CMakeFiles/rtos_car.dir/Users/rq/pico/pico-sdk/src/rp2_common/hardware_irq/irq.c.obj
 *fill*         0x1000970b        0x1 
 .rodata.__func__.2
                0x1000970c       0x13 CMakeFiles/rtos_car.dir/Users/rq/pico/pico-sdk/src/rp2_common/hardware_irq/irq.c.obj
 *fill*         0x1000971f        0x1 
 .rodata.__func__.3
                0x10009720        0xc CMakeFiles/rtos_car.dir/Users/rq/pico/pico-sdk/src/rp2_common/hardware_irq/irq.c.obj
 .rodata.__func__.4
                0x1000972c        0xf CMakeFiles/rtos_car.dir/Users/rq/pico/pico-sdk/src/rp2_common/hardware_irq/irq.c.obj
 *fill*         0x1000973b        0x1 
 .rodata.__func__.5
                0x1000973c       0x17 CMakeFiles/rtos_car.dir/Users/rq/pico/pico-sdk/src/rp2_common/hardware_irq/irq.c.obj
 *fill*         0x10009753        0x1 
 .rodata.__func__.6
                0x10009754       0x1a CMakeFiles/rtos_car.dir/Users/rq/pico/pico-sdk/src/rp2_common/hardware_irq/irq.c.obj
 *fill*         0x1000976e        0x2 
 .rodata.update_us_since_boot.str1.4
                0x10009770       0x5e CMakeFiles/rtos_car.dir/Users/rq/pico/pico-sdk/src/common/pico_sync/mutex.c.obj
 *fill*         0x100097ce        0x2 
 .rodata.str1.4
                0x100097d0       0x89 CMakeFiles/rtos_car.dir/Users/rq/pico/pico-sdk/src/common/pico_sync/mutex.c.obj
 *fill*         0x10009859        0x3 
 .rodata.__func__.1
                0x1000985c        0xb CMakeFiles/rtos_car.dir/Users/rq/pico/pico-sdk/src/common/pico_sync/mutex.c.obj
 *fill*         0x10009867        0x1 
 .rodata.__func__.3
                0x10009868       0x18 CMakeFiles/rtos_car.dir/Users/rq/pico/pico-sdk/src/common/pico_sync/mutex.c.obj
 .rodata.__func__.4
                0x10009880       0x15 CMakeFiles/rtos_car.dir/Users/rq/pico/pico-sdk/src/common/pico_sync/mutex.c.obj
 *fill*         0x10009895        0x3 
 .rodata.get_entry.str1.4
                0x10009898       0x58 CMakeFiles/rtos_car.dir/Users/rq/pico/pico-sdk/src/common/pico_time/time.c.obj
 .rodata.update_us_since_boot.str1.4
                0x100098f0       0x5e CMakeFiles/rtos_car.dir/Users/rq/pico/pico-sdk/src/common/pico_time/time.c.obj
 .rodata.ph_get_node.str1.4
                0x100098f0       0x63 CMakeFiles/rtos_car.dir/Users/rq/pico/pico-sdk/src/common/pico_time/time.c.obj
 *fill*         0x10009953        0x1 
 .rodata.ph_add_child_node.str1.4
                0x10009954       0x2e CMakeFiles/rtos_car.dir/Users/rq/pico/pico-sdk/src/common/pico_time/time.c.obj
 *fill*         0x10009982        0x2 
 .rodata.ph_insert_node.str1.4
                0x10009984        0x3 CMakeFiles/rtos_car.dir/Users/rq/pico/pico-sdk/src/common/pico_time/time.c.obj
 *fill*         0x10009987        0x1 
 .rodata.ph_free_node.str1.4
                0x10009988       0x38 CMakeFiles/rtos_car.dir/Users/rq/pico/pico-sdk/src/common/pico_time/time.c.obj
 .rodata.add_alarm_under_lock.str1.4
                0x100099c0       0x28 CMakeFiles/rtos_car.dir/Users/rq/pico/pico-sdk/src/common/pico_time/time.c.obj
 .rodata.alarm_pool_alarm_callback.str1.4
                0x100099e8       0x60 CMakeFiles/rtos_car.dir/Users/rq/pico/pico-sdk/src/common/pico_time/time.c.obj
 .rodata.alarm_pool_get_default.str1.4
                0x10009a48       0x21 CMakeFiles/rtos_car.dir/Users/rq/pico/pico-sdk/src/common/pico_time/time.c.obj
 *fill*         0x10009a69        0x3 
 .rodata.alarm_pool_cancel_alarm.str1.4
                0x10009a6c       0x27 CMakeFiles/rtos_car.dir/Users/rq/pico/pico-sdk/src/common/pico_time/time.c.obj
 *fill*         0x10009a93        0x1 
 .rodata.sleep_until.str1.4
                0x10009a94       0x4d CMakeFiles/rtos_car.dir/Users/rq/pico/pico-sdk/src/common/pico_time/time.c.obj
 *fill*         0x10009ae1        0x3 
 .rodata.__func__.1
                0x10009ae4       0x18 CMakeFiles/rtos_car.dir/Users/rq/pico/pico-sdk/src/common/pico_time/time.c.obj
 .rodata.__func__.3
                0x10009afc       0x17 CMakeFiles/rtos_car.dir/Users/rq/pico/pico-sdk/src/common/pico_time/time.c.obj
 *fill*         0x10009b13        0x1 
 .rodata.__func__.4
                0x10009b14       0x12 CMakeFiles/rtos_car.dir/Users/rq/pico/pico-sdk/src/common/pico_time/time.c.obj
 *fill*         0x10009b26        0x2 
 .rodata.__func__.5
                0x10009b28        0xd CMakeFiles/rtos_car.dir/Users/rq/pico/pico-sdk/src/common/pico_time/time.c.obj
 *fill*         0x10009b35        0x3 
 .rodata.__func__.6
                0x10009b38       0x12 CMakeFiles/rtos_car.dir/Users/rq/pico/pico-sdk/src/common/pico_time/time.c.obj
 *fill*         0x10009b4a        0x2 
 .rodata.__func__.7
                0x10009b4c        0xf CMakeFiles/rtos_car.dir/Users/rq/pico/pico-sdk/src/common/pico_time/time.c.obj
 *fill*         0x10009b5b        0x1 
 .rodata.__func__.8
                0x10009b5c        0xc CMakeFiles/rtos_car.dir/Users/rq/pico/pico-sdk/src/common/pico_time/time.c.obj
 .rodata.__func__.9
                0x10009b68       0x15 CMakeFiles/rtos_car.dir/Users/rq/pico/pico-sdk/src/common/pico_time/time.c.obj
 *fill*         0x10009b7d        0x3 
 .rodata.__func__.10
                0x10009b80       0x15 CMakeFiles/rtos_car.dir/Users/rq/pico/pico-sdk/src/common/pico_time/time.c.obj
 *fill*         0x10009b95        0x3 
 .rodata.__func__.11
                0x10009b98       0x1a CMakeFiles/rtos_car.dir/Users/rq/pico/pico-sdk/src/common/pico_time/time.c.obj
 *fill*         0x10009bb2        0x2 
 .rodata.__func__.12
                0x10009bb4        0xa CMakeFiles/rtos_car.dir/Users/rq/pico/pico-sdk/src/common/pico_time/time.c.obj
 *fill*         0x10009bbe        0x2 
 .rodata.hardware_alarm_claim.str1.4
                0x10009bc0       0x22 CMakeFiles/rtos_car.dir/Users/rq/pico/pico-sdk/src/rp2_common/hardware_timer/timer.c.obj
 *fill*         0x10009be2        0x2 
 .rodata.hardware_alarm_set_target.str1.4
                0x10009be4       0x62 CMakeFiles/rtos_car.dir/Users/rq/pico/pico-sdk/src/rp2_common/hardware_timer/timer.c.obj
 *fill*         0x10009c46        0x2 
 .rodata.__func__.0
                0x10009c48       0x1a CMakeFiles/rtos_car.dir/Users/rq/pico/pico-sdk/src/rp2_common/hardware_timer/timer.c.obj
 .rodata.ph_get_node.str1.4
                0x10009c62       0x63 CMakeFiles/rtos_car.dir/Users/rq/pico/pico-sdk/src/common/pico_util/pheap.c.obj
 .rodata.ph_add_child_node.str1.4
                0x10009c62       0x2e CMakeFiles/rtos_car.dir/Users/rq/pico/pico-sdk/src/common/pico_util/pheap.c.obj
 *fill*         0x10009c62        0x2 
 .rodata.ph_remove_any_head.str1.4
                0x10009c64       0x8c CMakeFiles/rtos_car.dir/Users/rq/pico/pico-sdk/src/common/pico_util/pheap.c.obj
                                 0xa0 (size before relaxing)
 .rodata.ph_remove_and_free_node.str1.4
                0x10009cf0       0x1e CMakeFiles/rtos_car.dir/Users/rq/pico/pico-sdk/src/common/pico_util/pheap.c.obj
                                 0x26 (size before relaxing)
 *fill*         0x10009d0e        0x2 
 .rodata.__func__.0
                0x10009d10       0x18 CMakeFiles/rtos_car.dir/Users/rq/pico/pico-sdk/src/common/pico_util/pheap.c.obj
 .rodata.__func__.1
                0x10009d28       0x13 CMakeFiles/rtos_car.dir/Users/rq/pico/pico-sdk/src/common/pico_util/pheap.c.obj
 *fill*         0x10009d3b        0x1 
 .rodata.__func__.2
                0x10009d3c       0x12 CMakeFiles/rtos_car.dir/Users/rq/pico/pico-sdk/src/common/pico_util/pheap.c.obj
 *fill*         0x10009d4e        0x2 
 .rodata.__func__.3
                0x10009d50        0xc CMakeFiles/rtos_car.dir/Users/rq/pico/pico-sdk/src/common/pico_util/pheap.c.obj
 .rodata.pll_init.str1.4
                0x10009d5c      0x120 CMakeFiles/rtos_car.dir/Users/rq/pico/pico-sdk/src/rp2_common/hardware_pll/pll.c.obj
 .rodata.__func__.0
                0x10009e7c        0x9 CMakeFiles/rtos_car.dir/Users/rq/pico/pico-sdk/src/rp2_common/hardware_pll/pll.c.obj
 *fill*         0x10009e85        0x3 
 .rodata.exception_set_exclusive_handler.str1.4
                0x10009e88       0x8a CMakeFiles/rtos_car.dir/Users/rq/pico/pico-sdk/src/rp2_common/hardware_exception/exception.c.obj
 *fill*         0x10009f12        0x2 
 .rodata.__func__.1
                0x10009f14       0x20 CMakeFiles/rtos_car.dir/Users/rq/pico/pico-sdk/src/rp2_common/hardware_exception/exception.c.obj
 .rodata.__assert_func.str1.4
                0x10009f34       0x3f CMakeFiles/rtos_car.dir/Users/rq/pico/pico-sdk/src/rp2_common/pico_runtime/runtime.c.obj